runner: scoped 使用 TESTS_MJS_FILES=1 files
runner: build is current (1815 sources, 891 artifacts)
runner: discovery OVERRIDDEN by TESTS_MJS_FILES (1 file(s))
runner: 1 test file(s), 30000ms verdict-silence window
runner: file lifecycle {"entryFile":"/Users/yuanxi/Workwork/vibe-fs/requirements/verification-system/tests/021.test.mjs","pid":46837,"parentPid":46812,"type":"runner:file-start","elapsedMs":31.185791999999992}
[verification-worker-cost] {"version":1,"phase":"pre-import","sequence":0,"entryFile":"/Users/yuanxi/Workwork/vibe-fs/requirements/verification-system/tests/021.test.mjs","pid":46838,"parentPid":46837,"monotonicMs":15.770916,"cpuUserMicros":21121,"cpuSystemMicros":3325}
[verification-test-start] {"pid":46838,"parentPid":46837,"entryFile":"/Users/yuanxi/Workwork/vibe-fs/requirements/verification-system/tests/021.test.mjs","name":"WHAT[verification-system-021] compact and verbose reports preserve outcomes and visible exclusions","fullName":"WHAT[verification-system-021] compact and verbose reports preserve outcomes and visible exclusions"}
[verification-test-start] {"pid":46838,"parentPid":46837,"entryFile":"/Users/yuanxi/Workwork/vibe-fs/requirements/verification-system/tests/021.test.mjs","name":"WHAT[verification-system-021] an actual failure retains its detailed cause when later work prevents the file from draining","fullName":"WHAT[verification-system-021] an actual failure retains its detailed cause when later work prevents the file from draining"}
[verification-test-start] {"pid":46838,"parentPid":46837,"entryFile":"/Users/yuanxi/Workwork/vibe-fs/requirements/verification-system/tests/021.test.mjs","name":"WHAT[verification-system-021] immediate failure details print each verdict once without collapsing distinct verdicts that share an Error","fullName":"WHAT[verification-system-021] immediate failure details print each verdict once without collapsing distinct verdicts that share an Error"}
[verification-test-start] {"pid":46838,"parentPid":46837,"entryFile":"/Users/yuanxi/Workwork/vibe-fs/requirements/verification-system/tests/021.test.mjs","name":"WHAT[verification-system-021] cancelled and TODO failures are not ordinary assertion verdicts","fullName":"WHAT[verification-system-021] cancelled and TODO failures are not ordinary assertion verdicts"}
[verification-test-start] {"pid":46838,"parentPid":46837,"entryFile":"/Users/yuanxi/Workwork/vibe-fs/requirements/verification-system/tests/021.test.mjs","name":"WHAT[verification-system-021] conflicting final results cannot erase a previous failure","fullName":"WHAT[verification-system-021] conflicting final results cannot erase a previous failure"}
[verification-test-start] {"pid":46838,"parentPid":46837,"entryFile":"/Users/yuanxi/Workwork/vibe-fs/requirements/verification-system/tests/021.test.mjs","name":"WHAT[verification-system-021] equal names in different files or distinct subtests do not collapse","fullName":"WHAT[verification-system-021] equal names in different files or distinct subtests do not collapse"}
[verification-test-start] {"pid":46838,"parentPid":46837,"entryFile":"/Users/yuanxi/Workwork/vibe-fs/requirements/verification-system/tests/021.test.mjs","name":"WHAT[verification-system-021] a failing suite preserves its container failure without double counting leaves","fullName":"WHAT[verification-system-021] a failing suite preserves its container failure without double counting leaves"}
[verification-test-start] {"pid":46838,"parentPid":46837,"entryFile":"/Users/yuanxi/Workwork/vibe-fs/requirements/verification-system/tests/021.test.mjs","name":"WHAT[verification-system-021] shared registration sources retain each entry ownership and repeated container verdicts count once","fullName":"WHAT[verification-system-021] shared registration sources retain each entry ownership and repeated container verdicts count once"}
[verification-test-start] {"pid":46838,"parentPid":46837,"entryFile":"/Users/yuanxi/Workwork/vibe-fs/requirements/verification-system/tests/021.test.mjs","name":"WHAT[verification-system-021] the real concurrent runner keeps shared helper tests under their own entry files","fullName":"WHAT[verification-system-021] the real concurrent runner keeps shared helper tests under their own entry files"}
[verification-test-start] {"pid":46838,"parentPid":46837,"entryFile":"/Users/yuanxi/Workwork/vibe-fs/requirements/verification-system/tests/021.test.mjs","name":"WHAT[verification-system-021] a leaf completion cannot stand for completion of its file","fullName":"WHAT[verification-system-021] a leaf completion cannot stand for completion of its file"}
[verification-test-start] {"pid":46838,"parentPid":46837,"entryFile":"/Users/yuanxi/Workwork/vibe-fs/requirements/verification-system/tests/021.test.mjs","name":"WHAT[verification-system-021] stream error and clean end have distinct completion evidence","fullName":"WHAT[verification-system-021] stream error and clean end have distinct completion evidence"}
[verification-test-start] {"pid":46838,"parentPid":46837,"entryFile":"/Users/yuanxi/Workwork/vibe-fs/requirements/verification-system/tests/021.test.mjs","name":"WHAT[verification-system-021] a real inner runner completes all leaves before file completion and summary","fullName":"WHAT[verification-system-021] a real inner runner completes all leaves before file completion and summary"}
[verification-test-start] {"pid":46838,"parentPid":46837,"entryFile":"/Users/yuanxi/Workwork/vibe-fs/requirements/verification-system/tests/021.test.mjs","name":"WHAT[verification-system-021] summary and clean exit cannot disguise missing file completion","fullName":"WHAT[verification-system-021] summary and clean exit cannot disguise missing file completion"}
runner: 1 test file(s), 10000ms verdict-silence window
runner: file lifecycle {"entryFile":"/Users/yuanxi/Workwork/vibe-fs/requirements/verification-system/tests/support/fixtures/two-leaf.fixture.mjs","type":"runner:file-start","elapsedMs":21.201499999999896}
runner: file lifecycle {"entryFile":"/Users/yuanxi/Workwork/vibe-fs/requirements/verification-system/tests/support/fixtures/two-leaf.fixture.mjs","type":"runner:file-drained","elapsedMs":21.249082999999928}
runner: worker cost {"version":1,"entryFile":"/Users/yuanxi/Workwork/vibe-fs/requirements/verification-system/tests/support/fixtures/two-leaf.fixture.mjs","enabled":true,"pid":null,"preImport":null,"exit":null,"interval":null,"status":"missing","reason":"Worker cost snapshot not received"}
runner: post-exit group verification/reclamation: pid=46886; elapsedMs=15.737; accepted=true

runner: 1 passed, 0 failed; 0/1 planned file(s) completed
runner: incomplete run; no completion for /Users/yuanxi/Workwork/vibe-fs/requirements/verification-system/tests/support/fixtures/two-leaf.fixture.mjs
[verification-test-start] {"pid":46838,"parentPid":46837,"entryFile":"/Users/yuanxi/Workwork/vibe-fs/requirements/verification-system/tests/021.test.mjs","name":"WHAT[verification-system-021] aggregate drain cannot replace a planned file stream drain","fullName":"WHAT[verification-system-021] aggregate drain cannot replace a planned file stream drain"}
runner: 1 test file(s), 1000ms verdict-silence window
runner: file lifecycle {"entryFile":"/Users/yuanxi/Workwork/vibe-fs/requirements/verification-system/tests/support/fixtures/two-leaf.fixture.mjs","type":"runner:file-start","elapsedMs":22.029792000000043}
runner: post-exit group verification/reclamation: pid=46900; elapsedMs=15.788; accepted=true

runner: 1 passed, 0 failed; 1/1 planned file(s) completed
runner: incomplete run; not every planned file stream drained
[verification-test-start] {"pid":46838,"parentPid":46837,"entryFile":"/Users/yuanxi/Workwork/vibe-fs/requirements/verification-system/tests/021.test.mjs","name":"WHAT[verification-system-021] a clean child exit without authoritative summary is inconclusive","fullName":"WHAT[verification-system-021] a clean child exit without authoritative summary is inconclusive"}
runner: 1 test file(s), 10000ms verdict-silence window
TAP version 13
# Subtest: leaf one
ok 1 - leaf one
  ---
  duration_ms: 0.303667
  type: 'test'
  ...
# Subtest: leaf two
ok 2 - leaf two
  ---
  duration_ms: 0.047958
  type: 'test'
  ...
1..2
# tests 2
# suites 0
# pass 2
# fail 0
# cancelled 0
# skipped 0
# todo 0
# duration_ms 3.67975
runner: post-exit group verification/reclamation: pid=46914; elapsedMs=15.680; accepted=true
runner: inner runner failed to provide authoritative summary

runner: verdict counts unavailable; no authoritative summary; 0/1 planned file(s) completed
[verification-test-start] {"pid":46838,"parentPid":46837,"entryFile":"/Users/yuanxi/Workwork/vibe-fs/requirements/verification-system/tests/021.test.mjs","name":"WHAT[verification-system-021] a tier exclusion identifies the missing execution tier","fullName":"WHAT[verification-system-021] a tier exclusion identifies the missing execution tier"}
[verification-test-start] {"pid":46838,"parentPid":46837,"entryFile":"/Users/yuanxi/Workwork/vibe-fs/requirements/verification-system/tests/021.test.mjs","name":"WHAT[verification-system-021] a known TODO cannot authorize complete acceptance","fullName":"WHAT[verification-system-021] a known TODO cannot authorize complete acceptance"}
runner: 1 test file(s), 10000ms verdict-silence window
runner: file lifecycle {"entryFile":"/Users/yuanxi/Workwork/vibe-fs/requirements/verification-system/tests/support/fixtures/two-leaf.fixture.mjs","type":"runner:file-start","elapsedMs":22.560625000000073}
runner: file lifecycle {"entryFile":"/Users/yuanxi/Workwork/vibe-fs/requirements/verification-system/tests/support/fixtures/two-leaf.fixture.mjs","type":"runner:file-drained","elapsedMs":22.738624999999956}
runner: worker cost {"version":1,"entryFile":"/Users/yuanxi/Workwork/vibe-fs/requirements/verification-system/tests/support/fixtures/two-leaf.fixture.mjs","enabled":true,"pid":null,"preImport":null,"exit":null,"interval":null,"status":"missing","reason":"Worker cost snapshot not received"}
runner: post-exit group verification/reclamation: pid=46930; elapsedMs=16.177; accepted=true

runner: 1 passed, 0 failed; 1/1 planned file(s) completed
runner: partial evidence; 0 skipped, 1 TODO; excluded cases are not passes
runner: pending proof prevents complete acceptance
runner: 1 test file(s), 10000ms verdict-silence window
runner: file lifecycle {"entryFile":"/Users/yuanxi/Workwork/vibe-fs/requirements/verification-system/tests/support/fixtures/two-leaf.fixture.mjs","type":"runner:file-start","elapsedMs":21.35437500000012}
runner: file lifecycle {"entryFile":"/Users/yuanxi/Workwork/vibe-fs/requirements/verification-system/tests/support/fixtures/two-leaf.fixture.mjs","type":"runner:file-drained","elapsedMs":21.49008300000014}
runner: worker cost {"version":1,"entryFile":"/Users/yuanxi/Workwork/vibe-fs/requirements/verification-system/tests/support/fixtures/two-leaf.fixture.mjs","enabled":true,"pid":null,"preImport":null,"exit":null,"interval":null,"status":"missing","reason":"Worker cost snapshot not received"}
runner: post-exit group verification/reclamation: pid=46944; elapsedMs=15.838; accepted=true

runner: 1 passed, 0 failed; 1/1 planned file(s) completed
runner: partial evidence; 0 skipped, 1 TODO; excluded cases are not passes
runner: pending proof prevents complete acceptance
[verification-test-start] {"pid":46838,"parentPid":46837,"entryFile":"/Users/yuanxi/Workwork/vibe-fs/requirements/verification-system/tests/021.test.mjs","name":"WHAT[verification-system-021] missing or unloadable planned files fail the real supervisor despite completed file wrappers","fullName":"WHAT[verification-system-021] missing or unloadable planned files fail the real supervisor despite completed file wrappers"}
runner: 2 test file(s), 10000ms verdict-silence window
runner: file lifecycle {"entryFile":"/Users/yuanxi/Workwork/vibe-fs/requirements/verification-system/tests/support/fixtures/two-leaf.fixture.mjs","pid":46958,"parentPid":46838,"type":"runner:file-start","elapsedMs":29.92145900000014}
runner: file lifecycle {"entryFile":"/var/folders/g_/3ydzn7kx5lg9ylq8fd9p_13r0000gn/T/failed-test-file-hVX5S3/missing.fixture.mjs","pid":46958,"parentPid":46838,"type":"runner:file-start","elapsedMs":31.09979199999998}
[verification-worker-cost] {"version":1,"phase":"pre-import","sequence":0,"entryFile":"/var/folders/g_/3ydzn7kx5lg9ylq8fd9p_13r0000gn/T/failed-test-file-hVX5S3/missing.fixture.mjs","pid":46960,"parentPid":46958,"monotonicMs":16.506709,"cpuUserMicros":22309,"cpuSystemMicros":3286}
[verification-worker-cost] {"version":1,"phase":"pre-import","sequence":0,"entryFile":"/Users/yuanxi/Workwork/vibe-fs/requirements/verification-system/tests/support/fixtures/two-leaf.fixture.mjs","pid":46959,"parentPid":46958,"monotonicMs":17.480041,"cpuUserMicros":23051,"cpuSystemMicros":3955}
node:internal/test_runner/harness:99
      throw err;
      ^

Error [ERR_MODULE_NOT_FOUND]: Cannot find module '/var/folders/g_/3ydzn7kx5lg9ylq8fd9p_13r0000gn/T/failed-test-file-hVX5S3/missing.fixture.mjs' imported from /Users/yuanxi/Workwork/vibe-fs/
    at finalizeResolution (node:internal/modules/esm/resolve:275:11)
    at moduleResolve (node:internal/modules/esm/resolve:865:10)
    at defaultResolve (node:internal/modules/esm/resolve:989:11)
    at #cachedDefaultResolve (node:internal/modules/esm/loader:747:20)
    at ModuleLoader.resolve (node:internal/modules/esm/loader:724:38)
    at ModuleLoader.getModuleJobForImport (node:internal/modules/esm/loader:320:38)
    at onImport.tracePromise.__proto__ (node:internal/modules/esm/loader:680:36)
    at TracingChannel.tracePromise (node:diagnostics_channel:350:14)
    at ModuleLoader.import (node:internal/modules/esm/loader:679:21)
    at node:internal/modules/run_main:179:35 {
  code: 'ERR_MODULE_NOT_FOUND',
  url: 'file:///var/folders/g_/3ydzn7kx5lg9ylq8fd9p_13r0000gn/T/failed-test-file-hVX5S3/missing.fixture.mjs'
}

Node.js v22.23.3
[verification-test-start] {"pid":46959,"parentPid":46958,"entryFile":"/Users/yuanxi/Workwork/vibe-fs/requirements/verification-system/tests/support/fixtures/two-leaf.fixture.mjs","name":"leaf one","fullName":"leaf one"}

✖ failing tests:

test at /var/folders/g_/3ydzn7kx5lg9ylq8fd9p_13r0000gn/T/failed-test-file-hVX5S3/missing.fixture.mjs:1:1
✖ /var/folders/g_/3ydzn7kx5lg9ylq8fd9p_13r0000gn/T/failed-test-file-hVX5S3/missing.fixture.mjs (31.910ms)
  'test failed'

runner: file lifecycle {"entryFile":"/var/folders/g_/3ydzn7kx5lg9ylq8fd9p_13r0000gn/T/failed-test-file-hVX5S3/missing.fixture.mjs","type":"runner:file-drained","elapsedMs":63.18220900000006}
runner: worker cost {"version":1,"entryFile":"/var/folders/g_/3ydzn7kx5lg9ylq8fd9p_13r0000gn/T/failed-test-file-hVX5S3/missing.fixture.mjs","enabled":true,"pid":46960,"status":"missing","reason":"Exit observation not received","preImport":{"version":1,"phase":"pre-import","sequence":0,"entryFile":"/var/folders/g_/3ydzn7kx5lg9ylq8fd9p_13r0000gn/T/failed-test-file-hVX5S3/missing.fixture.mjs","pid":46960,"parentPid":46958,"monotonicMs":16.506709,"cpuUserMicros":22309,"cpuSystemMicros":3286},"exit":null,"interval":null}
[verification-test-start] {"pid":46959,"parentPid":46958,"entryFile":"/Users/yuanxi/Workwork/vibe-fs/requirements/verification-system/tests/support/fixtures/two-leaf.fixture.mjs","name":"leaf two","fullName":"leaf two"}
[verification-worker-cost] {"version":1,"phase":"exit","sequence":1,"entryFile":"/Users/yuanxi/Workwork/vibe-fs/requirements/verification-system/tests/support/fixtures/two-leaf.fixture.mjs","pid":46959,"parentPid":46958,"monotonicMs":24.154541,"cpuUserMicros":29719,"cpuSystemMicros":4464,"exitCode":0}
runner: file lifecycle {"entryFile":"/Users/yuanxi/Workwork/vibe-fs/requirements/verification-system/tests/support/fixtures/two-leaf.fixture.mjs","type":"runner:file-drained","elapsedMs":65.89920900000016}
runner: worker cost {"version":1,"entryFile":"/Users/yuanxi/Workwork/vibe-fs/requirements/verification-system/tests/support/fixtures/two-leaf.fixture.mjs","enabled":true,"pid":46959,"status":"complete","reason":null,"preImport":{"version":1,"phase":"pre-import","sequence":0,"entryFile":"/Users/yuanxi/Workwork/vibe-fs/requirements/verification-system/tests/support/fixtures/two-leaf.fixture.mjs","pid":46959,"parentPid":46958,"monotonicMs":17.480041,"cpuUserMicros":23051,"cpuSystemMicros":3955},"exit":{"version":1,"phase":"exit","sequence":1,"entryFile":"/Users/yuanxi/Workwork/vibe-fs/requirements/verification-system/tests/support/fixtures/two-leaf.fixture.mjs","pid":46959,"parentPid":46958,"monotonicMs":24.154541,"cpuUserMicros":29719,"cpuSystemMicros":4464,"exitCode":0},"interval":{"clockPid":46959,"wallMs":6.674499999999998,"cpuUserMicros":6668,"cpuSystemMicros":509}}

[test-summary] 2 file(s), 2 passed, 0 failed, 1 failed containers (0.04s wall, 0.00s test time)
runner: post-exit group verification/reclamation: pid=46958; elapsedMs=16.803; accepted=true
runner: 2 test(s), 0.0s of test time; max 1ms, p90 1ms, median 1ms

runner: 2 passed, 0 failed; 2/2 planned file(s) completed
runner: cancelled tests or failed containers prevent complete acceptance
runner: 2 test file(s), 10000ms verdict-silence window
runner: file lifecycle {"entryFile":"/Users/yuanxi/Workwork/vibe-fs/requirements/verification-system/tests/support/fixtures/two-leaf.fixture.mjs","pid":46974,"parentPid":46838,"type":"runner:file-start","elapsedMs":30.450624999999945}
runner: file lifecycle {"entryFile":"/var/folders/g_/3ydzn7kx5lg9ylq8fd9p_13r0000gn/T/failed-test-file-hVX5S3/broken.fixture.mjs","pid":46974,"parentPid":46838,"type":"runner:file-start","elapsedMs":31.575041000000056}
[verification-worker-cost] {"version":1,"phase":"pre-import","sequence":0,"entryFile":"/var/folders/g_/3ydzn7kx5lg9ylq8fd9p_13r0000gn/T/failed-test-file-hVX5S3/broken.fixture.mjs","pid":46976,"parentPid":46974,"monotonicMs":15.466292,"cpuUserMicros":21177,"cpuSystemMicros":3316}
[verification-worker-cost] {"version":1,"phase":"pre-import","sequence":0,"entryFile":"/Users/yuanxi/Workwork/vibe-fs/requirements/verification-system/tests/support/fixtures/two-leaf.fixture.mjs","pid":46975,"parentPid":46974,"monotonicMs":16.194125,"cpuUserMicros":22230,"cpuSystemMicros":3709}
node:internal/test_runner/harness:99
      throw err;
      ^

Error: fixture failed before registering any test
    at file:///private/var/folders/g_/3ydzn7kx5lg9ylq8fd9p_13r0000gn/T/failed-test-file-hVX5S3/broken.fixture.mjs:1:7
    at ModuleJob.run (node:internal/modules/esm/module_job:343:25)
    at async onImport.tracePromise.__proto__ (node:internal/modules/esm/loader:681:26)
    at async asyncRunEntryPointWithESMLoader (node:internal/modules/run_main:117:5)

Node.js v22.23.3
[verification-test-start] {"pid":46975,"parentPid":46974,"entryFile":"/Users/yuanxi/Workwork/vibe-fs/requirements/verification-system/tests/support/fixtures/two-leaf.fixture.mjs","name":"leaf one","fullName":"leaf one"}

✖ failing tests:

test at /var/folders/g_/3ydzn7kx5lg9ylq8fd9p_13r0000gn/T/failed-test-file-hVX5S3/broken.fixture.mjs:1:1
✖ /var/folders/g_/3ydzn7kx5lg9ylq8fd9p_13r0000gn/T/failed-test-file-hVX5S3/broken.fixture.mjs (30.308ms)
  'test failed'

runner: file lifecycle {"entryFile":"/var/folders/g_/3ydzn7kx5lg9ylq8fd9p_13r0000gn/T/failed-test-file-hVX5S3/broken.fixture.mjs","type":"runner:file-drained","elapsedMs":62.131582999999864}
runner: worker cost {"version":1,"entryFile":"/var/folders/g_/3ydzn7kx5lg9ylq8fd9p_13r0000gn/T/failed-test-file-hVX5S3/broken.fixture.mjs","enabled":true,"pid":46976,"status":"missing","reason":"Exit observation not received","preImport":{"version":1,"phase":"pre-import","sequence":0,"entryFile":"/var/folders/g_/3ydzn7kx5lg9ylq8fd9p_13r0000gn/T/failed-test-file-hVX5S3/broken.fixture.mjs","pid":46976,"parentPid":46974,"monotonicMs":15.466292,"cpuUserMicros":21177,"cpuSystemMicros":3316},"exit":null,"interval":null}
[verification-test-start] {"pid":46975,"parentPid":46974,"entryFile":"/Users/yuanxi/Workwork/vibe-fs/requirements/verification-system/tests/support/fixtures/two-leaf.fixture.mjs","name":"leaf two","fullName":"leaf two"}
[verification-worker-cost] {"version":1,"phase":"exit","sequence":1,"entryFile":"/Users/yuanxi/Workwork/vibe-fs/requirements/verification-system/tests/support/fixtures/two-leaf.fixture.mjs","pid":46975,"parentPid":46974,"monotonicMs":23.111916,"cpuUserMicros":29034,"cpuSystemMicros":4325,"exitCode":0}
runner: file lifecycle {"entryFile":"/Users/yuanxi/Workwork/vibe-fs/requirements/verification-system/tests/support/fixtures/two-leaf.fixture.mjs","type":"runner:file-drained","elapsedMs":65.4197079999999}
runner: worker cost {"version":1,"entryFile":"/Users/yuanxi/Workwork/vibe-fs/requirements/verification-system/tests/support/fixtures/two-leaf.fixture.mjs","enabled":true,"pid":46975,"status":"complete","reason":null,"preImport":{"version":1,"phase":"pre-import","sequence":0,"entryFile":"/Users/yuanxi/Workwork/vibe-fs/requirements/verification-system/tests/support/fixtures/two-leaf.fixture.mjs","pid":46975,"parentPid":46974,"monotonicMs":16.194125,"cpuUserMicros":22230,"cpuSystemMicros":3709},"exit":{"version":1,"phase":"exit","sequence":1,"entryFile":"/Users/yuanxi/Workwork/vibe-fs/requirements/verification-system/tests/support/fixtures/two-leaf.fixture.mjs","pid":46975,"parentPid":46974,"monotonicMs":23.111916,"cpuUserMicros":29034,"cpuSystemMicros":4325,"exitCode":0},"interval":{"clockPid":46975,"wallMs":6.917791000000001,"cpuUserMicros":6804,"cpuSystemMicros":616}}

[test-summary] 2 file(s), 2 passed, 0 failed, 1 failed containers (0.04s wall, 0.00s test time)
runner: post-exit group verification/reclamation: pid=46974; elapsedMs=15.707; accepted=true
runner: 2 test(s), 0.0s of test time; max 1ms, p90 1ms, median 1ms

runner: 2 passed, 0 failed; 2/2 planned file(s) completed
runner: cancelled tests or failed containers prevent complete acceptance
[verification-test-start] {"pid":46838,"parentPid":46837,"entryFile":"/Users/yuanxi/Workwork/vibe-fs/requirements/verification-system/tests/021.test.mjs","name":"WHAT[verification-system-021] default unit discovery admits verifier infrastructure first while preserving the complete proof set and remaining order","fullName":"WHAT[verification-system-021] default unit discovery admits verifier infrastructure first while preserving the complete proof set and remaining order"}
[verification-test-start] {"pid":46838,"parentPid":46837,"entryFile":"/Users/yuanxi/Workwork/vibe-fs/requirements/verification-system/tests/021.test.mjs","name":"WHAT[verification-system-021] explicit unit file selection retains its supplied order instead of infrastructure priority","fullName":"WHAT[verification-system-021] explicit unit file selection retains its supplied order instead of infrastructure priority"}

✖ failing tests:

test at /Users/yuanxi/Workwork/vibe-fs/requirements/verification-system/tests/021.test.mjs:486:1
✖ WHAT[verification-system-021] default unit discovery admits verifier infrastructure first while preserving the complete proof set and remaining order (813.597ms)
  AssertionError [ERR_ASSERTION]: Expected values to be strictly deep-equal:
  + actual - expected
  
    [
  +   '/private/var/folders/g_/3ydzn7kx5lg9ylq8fd9p_13r0000gn/T/unit-discovery-order-4Ez4XS/requirements/alpha/tests/001.test.mjs',
  +   '/private/var/folders/g_/3ydzn7kx5lg9ylq8fd9p_13r0000gn/T/unit-discovery-order-4Ez4XS/requirements/alpha/tests/002.test.mjs',
  +   '/private/var/folders/g_/3ydzn7kx5lg9ylq8fd9p_13r0000gn/T/unit-discovery-order-4Ez4XS/requirements/verification-system-extra/tests/001.test.mjs',
      '/private/var/folders/g_/3ydzn7kx5lg9ylq8fd9p_13r0000gn/T/unit-discovery-order-4Ez4XS/requirements/verification-system/tests/003.test.mjs',
      '/private/var/folders/g_/3ydzn7kx5lg9ylq8fd9p_13r0000gn/T/unit-discovery-order-4Ez4XS/requirements/verification-system/tests/009.test.mjs',
      '/private/var/folders/g_/3ydzn7kx5lg9ylq8fd9p_13r0000gn/T/unit-discovery-order-4Ez4XS/requirements/verification-system/tests/support/777.test.mjs',
  -   '/private/var/folders/g_/3ydzn7kx5lg9ylq8fd9p_13r0000gn/T/unit-discovery-order-4Ez4XS/requirements/alpha/tests/001.test.mjs',
  -   '/private/var/folders/g_/3ydzn7kx5lg9ylq8fd9p_13r0000gn/T/unit-discovery-order-4Ez4XS/requirements/alpha/tests/002.test.mjs',
  -   '/private/var/folders/g_/3ydzn7kx5lg9ylq8fd9p_13r0000gn/T/unit-discovery-order-4Ez4XS/requirements/verification-system-extra/tests/001.test.mjs',
      '/private/var/folders/g_/3ydzn7kx5lg9ylq8fd9p_13r0000gn/T/unit-discovery-order-4Ez4XS/requirements/zeta/tests/001.test.mjs'
    ]
  
      at TestContext.<anonymous> (file:///Users/yuanxi/Workwork/vibe-fs/requirements/verification-system/tests/021.test.mjs:498:10)
      at process.processTicksAndRejections (node:internal/process/task_queues:103:5)
      at async Test.run (node:internal/test_runner/test:1054:7)
      at async Test.processPendingSubtests (node:internal/test_runner/test:744:7)

[verification-test-start] {"pid":46838,"parentPid":46837,"entryFile":"/Users/yuanxi/Workwork/vibe-fs/requirements/verification-system/tests/021.test.mjs","name":"WHAT[verification-system-021] explicit duplicate unit files retain the original lifecycle rejection rather than being deduplicated","fullName":"WHAT[verification-system-021] explicit duplicate unit files retain the original lifecycle rejection rather than being deduplicated"}
[verification-test-start] {"pid":46838,"parentPid":46837,"entryFile":"/Users/yuanxi/Workwork/vibe-fs/requirements/verification-system/tests/021.test.mjs","name":"WHAT[verification-system-021] explicit missing unit files remain planned and fail instead of being filtered from admission","fullName":"WHAT[verification-system-021] explicit missing unit files remain planned and fail instead of being filtered from admission"}
[verification-worker-cost] {"version":1,"phase":"exit","sequence":1,"entryFile":"/Users/yuanxi/Workwork/vibe-fs/requirements/verification-system/tests/021.test.mjs","pid":46838,"parentPid":46837,"monotonicMs":4263.772291,"cpuUserMicros":80847,"cpuSystemMicros":32849,"exitCode":1}
runner: file lifecycle {"entryFile":"/Users/yuanxi/Workwork/vibe-fs/requirements/verification-system/tests/021.test.mjs","type":"runner:file-drained","elapsedMs":4305.9551249999995}
runner: worker cost {"version":1,"entryFile":"/Users/yuanxi/Workwork/vibe-fs/requirements/verification-system/tests/021.test.mjs","enabled":true,"pid":46838,"status":"invalid","reason":"Worker cost record names another file or process","preImport":{"version":1,"phase":"pre-import","sequence":0,"entryFile":"/Users/yuanxi/Workwork/vibe-fs/requirements/verification-system/tests/021.test.mjs","pid":46838,"parentPid":46837,"monotonicMs":15.770916,"cpuUserMicros":21121,"cpuSystemMicros":3325},"exit":null,"interval":null}

[test-summary] 1 file(s), 21 passed, 1 failed (4.28s wall, 4.24s test time)
runner: post-exit group verification/reclamation: pid=46837; elapsedMs=15.278; accepted=true
runner: 22 test(s), 4.2s of test time; max 1177ms, p90 553ms, median 40ms
runner:    1177ms  WHAT[verification-system-021] an actual failure retains its detailed cause when later work prevents the file from draining
runner:     814ms  WHAT[verification-system-021] default unit discovery admits verifier infrastructure first while preserving the complete proof set and remaining order
runner:     553ms  WHAT[verification-system-021] explicit duplicate unit files retain the original lifecycle rejection rather than being deduplicated
runner:     553ms  WHAT[verification-system-021] explicit missing unit files remain planned and fail instead of being filtered from admission
runner:     553ms  WHAT[verification-system-021] explicit unit file selection retains its supplied order instead of infrastructure priority

runner: 21 passed, 1 failed; 1/1 planned file(s) completed
Error: runner: supervised suite failed (exit 1)
    at fail (file:///Users/yuanxi/Workwork/vibe-fs/requirements/verification-system/tests/e2e/support/supervise-node-test.mjs:258:25)
    at superviseOwnedNodeTest (file:///Users/yuanxi/Workwork/vibe-fs/requirements/verification-system/tests/e2e/support/supervise-node-test.mjs:486:19)
    at process.processTicksAndRejections (node:internal/process/task_queues:103:5)
    at async superviseNodeTest (file:///Users/yuanxi/Workwork/vibe-fs/requirements/verification-system/tests/e2e/support/supervise-node-test.mjs:235:14)
    at async file:///Users/yuanxi/Workwork/vibe-fs/requirements/verification-system/tests/run.mjs:94:1 {
  exitCode: 1,
  [cause]: undefined
}
