TAP version 13
# Subtest: WHAT[verification-system-006] native double inspection failure preserves both original causes and reports incomplete owned cleanup
not ok 1 - WHAT[verification-system-006] native double inspection failure preserves both original causes and reports incomplete owned cleanup
  ---
  duration_ms: 1245.215458
  type: 'test'
  location: '/Users/yuanxi/Workwork/vibe-fs/requirements/verification-system/tests/support/supervised-tool-reclamation-tests.mjs:54:3'
  failureType: 'testCodeFailure'
  error: |-
    Supervisor stderr must retain each actual native failure message
    runner: 1 test file(s), 1000ms verdict-silence window
    runner: file lifecycle {"entryFile":"/var/folders/g_/3ydzn7kx5lg9ylq8fd9p_13r0000gn/T/supervised-tool-reclamation-MZsORW/held.fixture.mjs","pid":99814,"parentPid":99799,"type":"runner:file-start","elapsedMs":31.405333}
    WATCHDOG: 'detached-tool-reclamation' silent for 1003ms (limit 1000ms); 0 blocking progress update(s), last progress: start lane=startup expectation=none
    WATCHDOG: background progress 942ms ago: test:stdout lane=/var/folders/g_/3ydzn7kx5lg9ylq8fd9p_13r0000gn/T/supervised-tool-reclamation-MZsORW/held.fixture.mjs (2 background update(s), none of them renewals)
    runner: 1 file(s) had not reported completion
    runner: file streams: 0 drained, 1 active, 0 queued
    runner: active file ../../../../var/folders/g_/3ydzn7kx5lg9ylq8fd9p_13r0000gn/T/supervised-tool-reclamation-MZsORW/held.fixture.mjs; waiting for stream drain; last verdict: none received
    runner: worker cost {"version":1,"entryFile":"/var/folders/g_/3ydzn7kx5lg9ylq8fd9p_13r0000gn/T/supervised-tool-reclamation-MZsORW/held.fixture.mjs","enabled":true,"pid":99815,"status":"missing","reason":"Exit observation not received","preImport":{"version":1,"phase":"pre-import","sequence":0,"entryFile":"/var/folders/g_/3ydzn7kx5lg9ylq8fd9p_13r0000gn/T/supervised-tool-reclamation-MZsORW/held.fixture.mjs","pid":99815,"parentPid":99814,"monotonicMs":15.354042,"cpuUserMicros":21099,"cpuSystemMicros":3569},"exit":null,"interval":null}
    runner: verdict counts unavailable; no authoritative summary before the silence
    ps: invalid_verification_column: keyword not found
    ps: no valid keywords; valid keywords:
    ps: invalid_cleanup_column: keyword not found
    ps: no valid keywords; valid keywords:
    runner: Could not complete owned runner termination: Owned termination and remaining group observation failed
    runner: post-exit group verification/reclamation: pid=99814; elapsedMs=15.955; accepted=true
    
    runner: verdict counts unavailable; no authoritative summary; 0/1 planned file(s) completed
    runner: supervised suite failed (exit 1)
    
  code: 'ERR_ASSERTION'
  name: 'AssertionError'
  expected: true
  actual: false
  operator: '=='
  stack: |-
    TestContext.<anonymous> (file:///Users/yuanxi/Workwork/vibe-fs/requirements/verification-system/tests/support/supervised-tool-reclamation-tests.mjs:350:22)
    process.processTicksAndRejections (node:internal/process/task_queues:103:5)
    async Test.run (node:internal/test_runner/test:1054:7)
    async startSubtestAfterBootstrap (node:internal/test_runner/harness:296:3)
  ...
1..1
# tests 1
# suites 0
# pass 0
# fail 1
# cancelled 0
# skipped 0
# todo 0
# duration_ms 1396.587083
