TAP version 13
# Subtest: WHAT[relay-incumbency-006] Continue keeps the road open for a next iteration
ok 1 - WHAT[relay-incumbency-006] Continue keeps the road open for a next iteration
  ---
  duration_ms: 1.95575
  type: 'test'
  ...
# Subtest: WHAT[relay-incumbency-006] Accepted blocks reopening while valid, invalidation reopens it
ok 2 - WHAT[relay-incumbency-006] Accepted blocks reopening while valid, invalidation reopens it
  ---
  duration_ms: 0.617166
  type: 'test'
  ...
# Subtest: WHAT[relay-incumbency-006] production ContinueLoop continue preserves the original Root and completion observer
ok 3 - WHAT[relay-incumbency-006] production ContinueLoop continue preserves the original Root and completion observer
  ---
  duration_ms: 213.18675
  type: 'test'
  ...
# Subtest: WHAT[relay-incumbency-006] production ContinueLoop continue-active preserves the original Root and completion observer
ok 4 - WHAT[relay-incumbency-006] production ContinueLoop continue-active preserves the original Root and completion observer
  ---
  duration_ms: 91.747708
  type: 'test'
  ...
# Subtest: WHAT[relay-incumbency-006] production ContinueLoop valid-accepted preserves the original Root and completion observer
ok 5 - WHAT[relay-incumbency-006] production ContinueLoop valid-accepted preserves the original Root and completion observer
  ---
  duration_ms: 64.629209
  type: 'test'
  ...
# Subtest: WHAT[relay-incumbency-006] production ContinueLoop invalid-accepted preserves the original Root and completion observer
ok 6 - WHAT[relay-incumbency-006] production ContinueLoop invalid-accepted preserves the original Root and completion observer
  ---
  duration_ms: 148.895958
  type: 'test'
  ...
# Subtest: WHAT[relay-incumbency-006] production ContinueLoop invalid-accepted-active preserves the original Root and completion observer
ok 7 - WHAT[relay-incumbency-006] production ContinueLoop invalid-accepted-active preserves the original Root and completion observer
  ---
  duration_ms: 93.029458
  type: 'test'
  ...
# Subtest: WHAT[relay-incumbency-006] production ContinueLoop missing-certificate preserves the original Root and completion observer
ok 8 - WHAT[relay-incumbency-006] production ContinueLoop missing-certificate preserves the original Root and completion observer
  ---
  duration_ms: 73.238208
  type: 'test'
  ...
# Subtest: WHAT[relay-incumbency-006] production ContinueLoop foreign-valid-certificate preserves the original Root and completion observer
ok 9 - WHAT[relay-incumbency-006] production ContinueLoop foreign-valid-certificate preserves the original Root and completion observer
  ---
  duration_ms: 68.73525
  type: 'test'
  ...
# Subtest: WHAT[relay-incumbency-006] production ContinueLoop foreign-invalid-certificate preserves the original Root and completion observer
ok 10 - WHAT[relay-incumbency-006] production ContinueLoop foreign-invalid-certificate preserves the original Root and completion observer
  ---
  duration_ms: 64.017416
  type: 'test'
  ...
# Subtest: WHAT[relay-retirement-008] actual Accepted suicide returns without abort and the next transform stops the retired attempt
not ok 11 - WHAT[relay-retirement-008] actual Accepted suicide returns without abort and the next transform stops the retired attempt
  ---
  duration_ms: 922.022542
  type: 'test'
  location: '/Users/yuanxi/Workwork/vibe-fs/requirements/relay-retirement/tests/008.test.mjs:11:1'
  failureType: 'testCodeFailure'
  error: 'MANAGER-LOOP-003: loop gate nudge failed: No active authority profile'
  code: 'ERR_TEST_FAILURE'
  ...
# Subtest: WHAT[relay-retirement-008] actual Continue starts one same-session successor whose transform retains the old physical history without another abort
ok 12 - WHAT[relay-retirement-008] actual Continue starts one same-session successor whose transform retains the old physical history without another abort
  ---
  duration_ms: 696.116667
  type: 'test'
  ...
# Subtest: WHAT[relay-retirement-008] physical prompt after Accepted suicide invalidates certificate and unblocks successor manager tools
ok 13 - WHAT[relay-retirement-008] physical prompt after Accepted suicide invalidates certificate and unblocks successor manager tools
  ---
  duration_ms: 714.677459
  type: 'test'
  ...
# Subtest: WHAT[relay-retirement-008] invalidated Accepted keeps its stale cut and stops without automatic send while ordinary ContinueLoop sends
not ok 14 - WHAT[relay-retirement-008] invalidated Accepted keeps its stale cut and stops without automatic send while ordinary ContinueLoop sends
  ---
  duration_ms: 89.228542
  type: 'test'
  location: '/Users/yuanxi/Workwork/vibe-fs/requirements/relay-retirement/tests/008.test.mjs:129:1'
  failureType: 'testCodeFailure'
  error: |-
    Accepted must never automatically dispatch after stale-attempt interruption
    
    1 !== 0
    
  code: 'ERR_ASSERTION'
  name: 'AssertionError'
  expected: 0
  actual: 1
  operator: 'strictEqual'
  stack: |-
    file:///Users/yuanxi/Workwork/vibe-fs/requirements/relay-retirement/tests/008.test.mjs:178:12
    async withManagerLoop (file:///Users/yuanxi/Workwork/vibe-fs/requirements/relay-incumbency/tests/support/manager-loop.mjs:122:5)
    async TestContext.<anonymous> (file:///Users/yuanxi/Workwork/vibe-fs/requirements/relay-retirement/tests/008.test.mjs:130:3)
    async Test.run (node:internal/test_runner/test:1054:7)
    async Test.processPendingSubtests (node:internal/test_runner/test:744:7)
  ...
# Subtest: WHAT[relay-retirement-008] a controlled in-flight Host interrupt prevents successor dispatch until exact provider-step release and physical interruption complete
ok 15 - WHAT[relay-retirement-008] a controlled in-flight Host interrupt prevents successor dispatch until exact provider-step release and physical interruption complete # TODO
  ---
  duration_ms: 0.051208
  type: 'test'
  ...
1..15
# tests 15
# suites 0
# pass 12
# fail 2
# cancelled 0
# skipped 0
# todo 1
# duration_ms 2580.893417
