runner: scoped 使用 TESTS_MJS_FILES=1 files
runner: build is current (1798 sources, 884 artifacts)
runner: discovery OVERRIDDEN by TESTS_MJS_FILES (1 file(s))
runner: 1 test file(s), 5000ms verdict-silence window
runner: file lifecycle {"entryFile":"/Users/yuanxi/Workwork/vibe-fs/requirements/attention-regulation/tests/005.test.mjs","pid":30541,"parentPid":30501,"type":"runner:file-start","elapsedMs":136.66887499999984}
[verification-worker-cost] {"version":1,"phase":"pre-import","sequence":0,"entryFile":"/Users/yuanxi/Workwork/vibe-fs/requirements/attention-regulation/tests/005.test.mjs","pid":30542,"parentPid":30541,"monotonicMs":77.107666,"cpuUserMicros":79828,"cpuSystemMicros":21482}
[verification-test-start] {"pid":30542,"parentPid":30541,"entryFile":"/Users/yuanxi/Workwork/vibe-fs/requirements/attention-regulation/tests/005.test.mjs","name":"WHAT[attention-regulation-005] exact presentation binding is idempotent without another claim sequence","fullName":"WHAT[attention-regulation-005] exact presentation binding is idempotent without another claim sequence"}
[verification-test-start] {"pid":30542,"parentPid":30541,"entryFile":"/Users/yuanxi/Workwork/vibe-fs/requirements/attention-regulation/tests/005.test.mjs","name":"WHAT[attention-regulation-005] presentation rejects empty batch without changing durable work or the original claim","fullName":"WHAT[attention-regulation-005] presentation rejects empty batch without changing durable work or the original claim"}
{"operation":"journal-semantic-cut","result":"journal semantic cut at bd89509b1d1a401b9f5b0ea662b628e7: fact 'semantic-cut' rejected: Journal fact 'DeferredWorkPresentationClaimed' rejected: DeferredWorkPresentation requires nonempty unique occurrence IDs"}
[verification-test-start] {"pid":30542,"parentPid":30541,"entryFile":"/Users/yuanxi/Workwork/vibe-fs/requirements/attention-regulation/tests/005.test.mjs","name":"WHAT[attention-regulation-005] presentation rejects blank occurrence without changing durable work or the original claim","fullName":"WHAT[attention-regulation-005] presentation rejects blank occurrence without changing durable work or the original claim"}
{"operation":"journal-semantic-cut","result":"journal semantic cut at 517701cbf9b8423b8442dd4a457c2658: fact 'semantic-cut' rejected: Journal fact 'DeferredWorkPresentationClaimed' rejected: DeferredWorkPresentation requires nonempty unique occurrence IDs"}
[verification-test-start] {"pid":30542,"parentPid":30541,"entryFile":"/Users/yuanxi/Workwork/vibe-fs/requirements/attention-regulation/tests/005.test.mjs","name":"WHAT[attention-regulation-005] presentation rejects duplicate occurrence without changing durable work or the original claim","fullName":"WHAT[attention-regulation-005] presentation rejects duplicate occurrence without changing durable work or the original claim"}
{"operation":"journal-semantic-cut","result":"journal semantic cut at 0b0af4dc3f3d4b50b67b2823a889119f: fact 'semantic-cut' rejected: Journal fact 'DeferredWorkPresentationClaimed' rejected: DeferredWorkPresentation requires nonempty unique occurrence IDs"}
[verification-test-start] {"pid":30542,"parentPid":30541,"entryFile":"/Users/yuanxi/Workwork/vibe-fs/requirements/attention-regulation/tests/005.test.mjs","name":"WHAT[attention-regulation-005] presentation rejects different batch under the same key without changing durable work or the original claim","fullName":"WHAT[attention-regulation-005] presentation rejects different batch under the same key without changing durable work or the original claim"}
{"operation":"journal-semantic-cut","result":"journal semantic cut at 018a7976b7a44f28b6221863817290d7: fact 'semantic-cut' rejected: Journal fact 'DeferredWorkPresentationClaimed' rejected: PromptKey is already bound to a different claim"}
[verification-test-start] {"pid":30542,"parentPid":30541,"entryFile":"/Users/yuanxi/Workwork/vibe-fs/requirements/attention-regulation/tests/005.test.mjs","name":"WHAT[attention-regulation-005] presentation rejects different active run without changing durable work or the original claim","fullName":"WHAT[attention-regulation-005] presentation rejects different active run without changing durable work or the original claim"}
{"operation":"journal-semantic-cut","result":"journal semantic cut at 6bdda9d19a8c4e1986fdbdf75f98fc5e: fact 'semantic-cut' rejected: Journal fact 'DeferredWorkPresentationClaimed' rejected: Deferred presentation does not match the active authority"}
[verification-test-start] {"pid":30542,"parentPid":30541,"entryFile":"/Users/yuanxi/Workwork/vibe-fs/requirements/attention-regulation/tests/005.test.mjs","name":"WHAT[attention-regulation-005] presentation rejects different authority root without changing durable work or the original claim","fullName":"WHAT[attention-regulation-005] presentation rejects different authority root without changing durable work or the original claim"}
{"operation":"journal-semantic-cut","result":"journal semantic cut at 0491a8f2fa5b4a739a274b80f3318aa2: fact 'semantic-cut' rejected: Journal fact 'DeferredWorkPresentationClaimed' rejected: Deferred presentation does not match the active authority"}
[verification-test-start] {"pid":30542,"parentPid":30541,"entryFile":"/Users/yuanxi/Workwork/vibe-fs/requirements/attention-regulation/tests/005.test.mjs","name":"WHAT[attention-regulation-005] presentation rejects different identity seed without changing durable work or the original claim","fullName":"WHAT[attention-regulation-005] presentation rejects different identity seed without changing durable work or the original claim"}
{"operation":"journal-semantic-cut","result":"journal semantic cut at 87de8dc5a7864549b236c15edb1cc48d: fact 'semantic-cut' rejected: Journal fact 'DeferredWorkPresentationClaimed' rejected: Deferred presentation does not match the active authority"}
[verification-test-start] {"pid":30542,"parentPid":30541,"entryFile":"/Users/yuanxi/Workwork/vibe-fs/requirements/attention-regulation/tests/005.test.mjs","name":"WHAT[attention-regulation-005] presentation rejects historical claim replacing the bound batch without changing durable work or the original claim","fullName":"WHAT[attention-regulation-005] presentation rejects historical claim replacing the bound batch without changing durable work or the original claim"}
{"operation":"journal-semantic-cut","result":"journal semantic cut at d7832fea074e4aa4b796c6350f985d66: fact 'semantic-cut' rejected: Journal fact 'PluginPromptClaimed' rejected: PromptKey is already bound to a deferred presentation"}
[verification-test-start] {"pid":30542,"parentPid":30541,"entryFile":"/Users/yuanxi/Workwork/vibe-fs/requirements/attention-regulation/tests/005.test.mjs","name":"WHAT[attention-regulation-005] physical acceptance append refusal keeps the batch until the exact original message is accepted","fullName":"WHAT[attention-regulation-005] physical acceptance append refusal keeps the batch until the exact original message is accepted"}
[verification-test-start] {"pid":30542,"parentPid":30541,"entryFile":"/Users/yuanxi/Workwork/vibe-fs/requirements/attention-regulation/tests/005.test.mjs","name":"WHAT[attention-regulation-005] a refused presentation claim does not call Host or consume work","fullName":"WHAT[attention-regulation-005] a refused presentation claim does not call Host or consume work"}
[verification-test-start] {"pid":30542,"parentPid":30541,"entryFile":"/Users/yuanxi/Workwork/vibe-fs/requirements/attention-regulation/tests/005.test.mjs","name":"WHAT[attention-regulation-005] unknown preserves the exact batch without consumption","fullName":"WHAT[attention-regulation-005] unknown preserves the exact batch without consumption"}
[verification-test-start] {"pid":30542,"parentPid":30541,"entryFile":"/Users/yuanxi/Workwork/vibe-fs/requirements/attention-regulation/tests/005.test.mjs","name":"WHAT[attention-regulation-005] receipt without physical acceptance preserves the exact batch without consumption","fullName":"WHAT[attention-regulation-005] receipt without physical acceptance preserves the exact batch without consumption"}
[verification-test-start] {"pid":30542,"parentPid":30541,"entryFile":"/Users/yuanxi/Workwork/vibe-fs/requirements/attention-regulation/tests/005.test.mjs","name":"WHAT[attention-regulation-005] an explicitly refused send preserves work and its retry derives a new key","fullName":"WHAT[attention-regulation-005] an explicitly refused send preserves work and its retry derives a new key"}
[verification-test-start] {"pid":30542,"parentPid":30541,"entryFile":"/Users/yuanxi/Workwork/vibe-fs/requirements/attention-regulation/tests/005.test.mjs","name":"WHAT[attention-regulation-005] occurrence boundaries participate in key identity with original bytes","fullName":"WHAT[attention-regulation-005] occurrence boundaries participate in key identity with original bytes"}
[verification-test-start] {"pid":30542,"parentPid":30541,"entryFile":"/Users/yuanxi/Workwork/vibe-fs/requirements/attention-regulation/tests/005.test.mjs","name":"WHAT[attention-regulation-005] claim, receipt and exact physical projection round trips preserve the occurrence batch","fullName":"WHAT[attention-regulation-005] claim, receipt and exact physical projection round trips preserve the occurrence batch"}
[verification-test-start] {"pid":30542,"parentPid":30541,"entryFile":"/Users/yuanxi/Workwork/vibe-fs/requirements/attention-regulation/tests/005.test.mjs","name":"WHAT[attention-regulation-005] a historical pending presentation with no batch keeps work and suppresses another real natural presentation","fullName":"WHAT[attention-regulation-005] a historical pending presentation with no batch keeps work and suppresses another real natural presentation"}
[verification-test-start] {"pid":30542,"parentPid":30541,"entryFile":"/Users/yuanxi/Workwork/vibe-fs/requirements/attention-regulation/tests/005.test.mjs","name":"WHAT[attention-regulation-005] a historical accepted presentation with no batch keeps work and suppresses another real natural presentation","fullName":"WHAT[attention-regulation-005] a historical accepted presentation with no batch keeps work and suppresses another real natural presentation"}
[verification-test-start] {"pid":30542,"parentPid":30541,"entryFile":"/Users/yuanxi/Workwork/vibe-fs/requirements/attention-regulation/tests/005.test.mjs","name":"WHAT[attention-regulation-005] new claims cannot overwrite the batch after its physical landing","fullName":"WHAT[attention-regulation-005] new claims cannot overwrite the batch after its physical landing"}
{"operation":"journal-semantic-cut","result":"journal semantic cut at e8934089ecf14bf8a920faf8853052b6: fact 'semantic-cut' rejected: Journal fact 'DeferredWorkPresentationClaimed' rejected: PromptKey has already physically landed"}
[verification-test-start] {"pid":30542,"parentPid":30541,"entryFile":"/Users/yuanxi/Workwork/vibe-fs/requirements/attention-regulation/tests/005.test.mjs","name":"WHAT[attention-regulation-005] historical claims cannot overwrite the batch after its physical landing","fullName":"WHAT[attention-regulation-005] historical claims cannot overwrite the batch after its physical landing"}
{"operation":"journal-semantic-cut","result":"journal semantic cut at fc4cf85f52ee4bbc9d0c11732f289783: fact 'semantic-cut' rejected: Journal fact 'PluginPromptClaimed' rejected: PromptKey is already bound to a deferred presentation"}
[verification-test-start] {"pid":30542,"parentPid":30541,"entryFile":"/Users/yuanxi/Workwork/vibe-fs/requirements/attention-regulation/tests/005.test.mjs","name":"WHAT[attention-regulation-005] natural engineer completion preserves and consumes its exact deferred batch through live physical ingress","fullName":"WHAT[attention-regulation-005] natural engineer completion preserves and consumes its exact deferred batch through live physical ingress"}
WATCHDOG: 'tests/unit' silent for 5009ms (limit 5000ms); 40 blocking progress update(s), last progress: test:pass:WHAT[attention-regulation-005] historical claims cannot overwrite the batch after its physical landing lane=/Users/yuanxi/Workwork/vibe-fs/requirements/attention-regulation/tests/005.test.mjs expectation=none
WATCHDOG: background progress 5011ms ago: test:stdout lane=/Users/yuanxi/Workwork/vibe-fs/requirements/attention-regulation/tests/005.test.mjs (32 background update(s), none of them renewals)
runner: 1 file(s) had not reported completion
runner: file streams: 0 drained, 1 active, 0 queued
runner: active file requirements/attention-regulation/tests/005.test.mjs; waiting for stream drain; last verdict: test:pass:WHAT[attention-regulation-005] historical claims cannot overwrite the batch after its physical landing
runner: worker cost {"version":1,"entryFile":"/Users/yuanxi/Workwork/vibe-fs/requirements/attention-regulation/tests/005.test.mjs","enabled":true,"pid":30542,"status":"missing","reason":"Exit observation not received","preImport":{"version":1,"phase":"pre-import","sequence":0,"entryFile":"/Users/yuanxi/Workwork/vibe-fs/requirements/attention-regulation/tests/005.test.mjs","pid":30542,"parentPid":30541,"monotonicMs":77.107666,"cpuUserMicros":79828,"cpuSystemMicros":21482},"exit":null,"interval":null}
runner: last runtime test start {"name":"WHAT[attention-regulation-005] historical claims cannot overwrite the batch after its physical landing","file":"/Users/yuanxi/Workwork/vibe-fs/requirements/attention-regulation/tests/005.test.mjs","entryFile":"/Users/yuanxi/Workwork/vibe-fs/requirements/attention-regulation/tests/005.test.mjs","testId":20,"line":227,"column":3,"nesting":0,"pid":30541,"parentPid":30501}
runner: verdict counts unavailable; no authoritative summary before the silence
runner: residual process group 30541 after inner exit; surviving pids: 30542, 31556
runner: process group 30541 reclaimed; the run still fails
runner: post-exit group verification/reclamation: pid=30541; elapsedMs=115.138; accepted=false

runner: verdict counts unavailable; no authoritative summary; 0/1 planned file(s) completed
Error: runner: supervised suite failed (exit 1)
    at fail (file:///Users/yuanxi/Workwork/vibe-fs/requirements/verification-system/tests/e2e/support/supervise-node-test.mjs:258:25)
    at superviseOwnedNodeTest (file:///Users/yuanxi/Workwork/vibe-fs/requirements/verification-system/tests/e2e/support/supervise-node-test.mjs:488:39)
    at process.processTicksAndRejections (node:internal/process/task_queues:104:5)
    at async superviseNodeTest (file:///Users/yuanxi/Workwork/vibe-fs/requirements/verification-system/tests/e2e/support/supervise-node-test.mjs:235:14)
    at async file:///Users/yuanxi/Workwork/vibe-fs/requirements/verification-system/tests/run.mjs:104:1 {
  exitCode: 1,
  [cause]: undefined
}
