TAP version 13
# Subtest: WHAT[verification-system-014] the Long Stroke entry satisfies the watchdog-feed guard
ok 1 - WHAT[verification-system-014] the Long Stroke entry satisfies the watchdog-feed guard
  ---
  duration_ms: 0.8225
  type: 'test'
  ...
# Subtest: WHAT[verification-system-014] matchInvestigationOutlookMarker correctly identifies outlook markers and never falls back to raw description
ok 2 - WHAT[verification-system-014] matchInvestigationOutlookMarker correctly identifies outlook markers and never falls back to raw description
  ---
  duration_ms: 0.775917
  type: 'test'
  ...
# Subtest: WHAT[verification-system-014] the compiled Long Stroke scenario preserves its Manager and consecutive-failure cases
ok 3 - WHAT[verification-system-014] the compiled Long Stroke scenario preserves its Manager and consecutive-failure cases
  ---
  duration_ms: 8.275917
  type: 'test'
  ...
# Subtest: WHAT[verification-system-014] Long Stroke strictly consumes current production Blogger instructions across sessions
ok 4 - WHAT[verification-system-014] Long Stroke strictly consumes current production Blogger instructions across sessions
  ---
  duration_ms: 34.586416
  type: 'test'
  ...
# Subtest: WHAT[verification-system-014] Long Stroke strictly consumes current production internal resources and readonly capabilities
ok 5 - WHAT[verification-system-014] Long Stroke strictly consumes current production internal resources and readonly capabilities
  ---
  duration_ms: 33.827917
  type: 'test'
  ...
# Subtest: WHAT[verification-system-014] readonly replica finish requires its actual completed probe exchange, independently of deliveries
ok 6 - WHAT[verification-system-014] readonly replica finish requires its actual completed probe exchange, independently of deliveries
  ---
  duration_ms: 13.600042
  type: 'test'
  ...
# Subtest: WHAT[verification-system-014] owner continuations retain the real promoted Replica assistant steps and the recovery fault
ok 7 - WHAT[verification-system-014] owner continuations retain the real promoted Replica assistant steps and the recovery fault
  ---
  duration_ms: 2.307792
  type: 'test'
  ...
# Subtest: WHAT[verification-system-014] another Road cannot supply the HumanRoot canary missing assessment or retirement
ok 8 - WHAT[verification-system-014] another Road cannot supply the HumanRoot canary missing assessment or retirement
  ---
  duration_ms: 55.634792
  type: 'test'
  ...
# Subtest: WHAT[verification-system-014] the original HumanRoot loop oracle keeps exact Road facts and physical deliveries amid other owners
ok 9 - WHAT[verification-system-014] the original HumanRoot loop oracle keeps exact Road facts and physical deliveries amid other owners
  ---
  duration_ms: 48.013875
  type: 'test'
  ...
# Subtest: WHAT[verification-system-014] Manager loop response binding isolates each other Road from the main five-iteration spine
ok 10 - WHAT[verification-system-014] Manager loop response binding isolates each other Road from the main five-iteration spine
  ---
  duration_ms: 5.213
  type: 'test'
  ...
# Subtest: WHAT[verification-system-014] all main relay barriers count the bound Road independently of preflow owners
ok 11 - WHAT[verification-system-014] all main relay barriers count the bound Road independently of preflow owners
  ---
  duration_ms: 1.774834
  type: 'test'
  ...
# Subtest: WHAT[verification-system-014] the original Engineer barrier and Join oracle require the same admitted Work
ok 12 - WHAT[verification-system-014] the original Engineer barrier and Join oracle require the same admitted Work
  ---
  duration_ms: 329.671
  type: 'test'
  ...
# Subtest: WHAT[verification-system-014] declared participating tool arguments satisfy the production estimate contract
ok 13 - WHAT[verification-system-014] declared participating tool arguments satisfy the production estimate contract
  ---
  duration_ms: 144.9845
  type: 'test'
  ...
# Subtest: WHAT[verification-system-014] Long Stroke 真实物理验收环境
ok 14 - WHAT[verification-system-014] Long Stroke 真实物理验收环境 # SKIP release tier not enabled
  ---
  duration_ms: 0.03625
  type: 'test'
  ...
# Subtest: WHAT[verification-system-015] E1: prose decoy does not register as domain fact case
ok 15 - WHAT[verification-system-015] E1: prose decoy does not register as domain fact case
  ---
  duration_ms: 5.716792
  type: 'test'
  ...
# Subtest: WHAT[verification-system-015] E2: UTF-8 and trailing line chunking waits for complete line before committing
ok 16 - WHAT[verification-system-015] E2: UTF-8 and trailing line chunking waits for complete line before committing
  ---
  duration_ms: 1.46
  type: 'test'
  ...
# Subtest: WHAT[verification-system-015] E3: complete line with invalid JSON or identity collision fails closed
ok 17 - WHAT[verification-system-015] E3: complete line with invalid JSON or identity collision fails closed
  ---
  duration_ms: 2.029583
  type: 'test'
  ...
# Subtest: WHAT[verification-system-015] E4: consumed prefix truncation fails closed
ok 18 - WHAT[verification-system-015] E4: consumed prefix truncation fails closed
  ---
  duration_ms: 1.080708
  type: 'test'
  ...
# Subtest: WHAT[verification-system-015] file identity replacement fails even when size and bytes are unchanged
ok 19 - WHAT[verification-system-015] file identity replacement fails even when size and bytes are unchanged
  ---
  duration_ms: 0.223167
  type: 'test'
  ...
# Subtest: WHAT[verification-system-015] multi-writer interleaving, subscription and close semantics
ok 20 - WHAT[verification-system-015] multi-writer interleaving, subscription and close semantics
  ---
  duration_ms: 1.748167
  type: 'test'
  ...
1..20
# tests 20
# suites 0
# pass 19
# fail 0
# cancelled 0
# skipped 1
# todo 0
# duration_ms 905.467875
