TAP version 13
# Subtest: WHAT[verification-system-014] the Long Stroke entry satisfies the watchdog-feed guard
ok 1 - WHAT[verification-system-014] the Long Stroke entry satisfies the watchdog-feed guard
  ---
  duration_ms: 0.729708
  type: 'test'
  ...
# Subtest: WHAT[verification-system-014] matchInvestigationOutlookMarker correctly identifies outlook markers and never falls back to raw description
ok 2 - WHAT[verification-system-014] matchInvestigationOutlookMarker correctly identifies outlook markers and never falls back to raw description
  ---
  duration_ms: 0.572042
  type: 'test'
  ...
# Subtest: WHAT[verification-system-014] the compiled Long Stroke scenario preserves its Manager and consecutive-failure cases
ok 3 - WHAT[verification-system-014] the compiled Long Stroke scenario preserves its Manager and consecutive-failure cases
  ---
  duration_ms: 8.066542
  type: 'test'
  ...
# Subtest: WHAT[verification-system-014] Long Stroke strictly consumes current production Blogger instructions across sessions
ok 4 - WHAT[verification-system-014] Long Stroke strictly consumes current production Blogger instructions across sessions
  ---
  duration_ms: 16.62075
  type: 'test'
  ...
# Subtest: WHAT[verification-system-014] Long Stroke strictly consumes current production internal resources and readonly capabilities
ok 5 - WHAT[verification-system-014] Long Stroke strictly consumes current production internal resources and readonly capabilities
  ---
  duration_ms: 24.829666
  type: 'test'
  ...
# Subtest: WHAT[verification-system-014] readonly replica finish requires its actual completed probe exchange, independently of deliveries
ok 6 - WHAT[verification-system-014] readonly replica finish requires its actual completed probe exchange, independently of deliveries
  ---
  duration_ms: 13.076792
  type: 'test'
  ...
# Subtest: WHAT[verification-system-014] owner continuations retain the real promoted Replica assistant steps and the recovery fault
ok 7 - WHAT[verification-system-014] owner continuations retain the real promoted Replica assistant steps and the recovery fault
  ---
  duration_ms: 2.2875
  type: 'test'
  ...
# Subtest: WHAT[verification-system-014] another Road cannot supply the HumanRoot canary missing assessment or retirement
ok 8 - WHAT[verification-system-014] another Road cannot supply the HumanRoot canary missing assessment or retirement
  ---
  duration_ms: 47.596042
  type: 'test'
  ...
# Subtest: WHAT[verification-system-014] the original HumanRoot loop oracle keeps exact Road facts and physical deliveries amid other owners
ok 9 - WHAT[verification-system-014] the original HumanRoot loop oracle keeps exact Road facts and physical deliveries amid other owners
  ---
  duration_ms: 39.794792
  type: 'test'
  ...
# Subtest: WHAT[verification-system-014] Manager loop response binding isolates each other Road from the main five-iteration spine
not ok 10 - WHAT[verification-system-014] Manager loop response binding isolates each other Road from the main five-iteration spine
  ---
  duration_ms: 3.269875
  type: 'test'
  location: '/Users/yuanxi/Workwork/vibe-fs/requirements/verification-system/tests/014.test.mjs:487:1'
  failureType: 'testCodeFailure'
  error: |-
    Expected values to be strictly equal:
    
    'join' !== 'assume'
    
  code: 'ERR_ASSERTION'
  name: 'AssertionError'
  expected: 'assume'
  actual: 'join'
  operator: 'strictEqual'
  stack: |-
    TestContext.<anonymous> (file:///Users/yuanxi/Workwork/vibe-fs/requirements/verification-system/tests/014.test.mjs:526:10)
    async Test.run (node:internal/test_runner/test:1054:7)
    async Test.processPendingSubtests (node:internal/test_runner/test:744:7)
  ...
# Subtest: WHAT[verification-system-014] all main relay barriers count the bound Road independently of preflow owners
ok 11 - WHAT[verification-system-014] all main relay barriers count the bound Road independently of preflow owners
  ---
  duration_ms: 1.714458
  type: 'test'
  ...
# Subtest: WHAT[verification-system-014] Long Stroke 真实物理验收环境
ok 12 - WHAT[verification-system-014] Long Stroke 真实物理验收环境 # SKIP release tier not enabled
  ---
  duration_ms: 0.026042
  type: 'test'
  ...
1..12
# tests 12
# suites 0
# pass 10
# fail 1
# cancelled 0
# skipped 1
# todo 0
# duration_ms 296.268
