TAP version 13
# Subtest: WHAT[verification-system-014] the Long Stroke entry satisfies the watchdog-feed guard
ok 1 - WHAT[verification-system-014] the Long Stroke entry satisfies the watchdog-feed guard
  ---
  duration_ms: 0.734542
  type: 'test'
  ...
# Subtest: WHAT[verification-system-014] matchInvestigationOutlookMarker correctly identifies outlook markers and never falls back to raw description
ok 2 - WHAT[verification-system-014] matchInvestigationOutlookMarker correctly identifies outlook markers and never falls back to raw description
  ---
  duration_ms: 0.577333
  type: 'test'
  ...
# Subtest: WHAT[verification-system-014] the compiled Long Stroke scenario preserves its Manager and consecutive-failure cases
ok 3 - WHAT[verification-system-014] the compiled Long Stroke scenario preserves its Manager and consecutive-failure cases
  ---
  duration_ms: 8.807709
  type: 'test'
  ...
# Subtest: WHAT[verification-system-014] Long Stroke strictly consumes current production Blogger instructions across sessions
ok 4 - WHAT[verification-system-014] Long Stroke strictly consumes current production Blogger instructions across sessions
  ---
  duration_ms: 35.678583
  type: 'test'
  ...
# Subtest: WHAT[verification-system-014] Long Stroke strictly consumes current production internal resources and readonly capabilities
ok 5 - WHAT[verification-system-014] Long Stroke strictly consumes current production internal resources and readonly capabilities
  ---
  duration_ms: 32.344291
  type: 'test'
  ...
# Subtest: WHAT[verification-system-014] readonly replica finish requires its actual completed probe exchange, independently of deliveries
ok 6 - WHAT[verification-system-014] readonly replica finish requires its actual completed probe exchange, independently of deliveries
  ---
  duration_ms: 12.995959
  type: 'test'
  ...
# Subtest: WHAT[verification-system-014] owner continuations retain the real promoted Replica assistant steps and the recovery fault
ok 7 - WHAT[verification-system-014] owner continuations retain the real promoted Replica assistant steps and the recovery fault
  ---
  duration_ms: 2.191
  type: 'test'
  ...
# Subtest: WHAT[verification-system-014] another Road cannot supply the HumanRoot canary missing assessment or retirement
ok 8 - WHAT[verification-system-014] another Road cannot supply the HumanRoot canary missing assessment or retirement
  ---
  duration_ms: 58.979625
  type: 'test'
  ...
# Subtest: WHAT[verification-system-014] the original HumanRoot loop oracle keeps exact Road facts and physical deliveries amid other owners
ok 9 - WHAT[verification-system-014] the original HumanRoot loop oracle keeps exact Road facts and physical deliveries amid other owners
  ---
  duration_ms: 40.19275
  type: 'test'
  ...
# Subtest: WHAT[verification-system-014] Manager loop response binding isolates each other Road from the main five-iteration spine
ok 10 - WHAT[verification-system-014] Manager loop response binding isolates each other Road from the main five-iteration spine
  ---
  duration_ms: 6.113958
  type: 'test'
  ...
# Subtest: WHAT[verification-system-014] all main relay barriers count the bound Road independently of preflow owners
ok 11 - WHAT[verification-system-014] all main relay barriers count the bound Road independently of preflow owners
  ---
  duration_ms: 1.745416
  type: 'test'
  ...
# Subtest: WHAT[verification-system-014] declared participating tool arguments satisfy the production estimate contract
not ok 12 - WHAT[verification-system-014] declared participating tool arguments satisfy the production estimate contract
  ---
  duration_ms: 214.514542
  type: 'test'
  location: '/Users/yuanxi/Workwork/vibe-fs/requirements/verification-system/tests/014.test.mjs:653:1'
  failureType: 'testCodeFailure'
  error: |-
    the configured-Predictor scenario must not script invalid participating arguments
    + actual - expected
    
    + [
    +   {
    +     error: 'MissingEstimate',
    +     id: 'engineer.0',
    +     tool: 'js-engineer'
    +   },
    +   {
    +     error: 'MissingEstimate',
    +     id: 'engineer.1',
    +     tool: 'read'
    +   },
    +   {
    +     error: 'MissingEstimate',
    +     id: 'engineer-resolve.0',
    +     tool: 'write'
    +   },
    +   {
    +     error: 'MissingEstimate',
    +     id: 'strength-canary-owner.1',
    +     tool: 'js-manager'
    +   },
    +   {
    +     error: 'MissingEstimate',
    +     id: 'strength-recovery-owner.1',
    +     tool: 'js-manager'
    +   }
    + ]
    - []
    
  code: 'ERR_ASSERTION'
  name: 'AssertionError'
  expected:
  actual:
    0:
      id: 'engineer.0'
      tool: 'js-engineer'
      error: 'MissingEstimate'
    1:
      id: 'engineer.1'
      tool: 'read'
      error: 'MissingEstimate'
    2:
      id: 'engineer-resolve.0'
      tool: 'write'
      error: 'MissingEstimate'
    3:
      id: 'strength-canary-owner.1'
      tool: 'js-manager'
      error: 'MissingEstimate'
    4:
      id: 'strength-recovery-owner.1'
      tool: 'js-manager'
      error: 'MissingEstimate'
  operator: 'deepStrictEqual'
  stack: |-
    TestContext.<anonymous> (file:///Users/yuanxi/Workwork/vibe-fs/requirements/verification-system/tests/014.test.mjs:691:10)
    async Test.run (node:internal/test_runner/test:1054:7)
    async Test.processPendingSubtests (node:internal/test_runner/test:744:7)
  ...
# Subtest: WHAT[verification-system-014] Long Stroke 真实物理验收环境
ok 13 - WHAT[verification-system-014] Long Stroke 真实物理验收环境 # SKIP release tier not enabled
  ---
  duration_ms: 0.052333
  type: 'test'
  ...
1..13
# tests 13
# suites 0
# pass 11
# fail 1
# cancelled 0
# skipped 1
# todo 0
# duration_ms 631.776584
