TAP version 13
# Subtest: WHAT[verification-system-006] silence termination reclaims an actual detached tool and its descendant while preserving the caller's foreign group
ok 1 - WHAT[verification-system-006] silence termination reclaims an actual detached tool and its descendant while preserving the caller's foreign group
  ---
  duration_ms: 1281.93625
  type: 'test'
  ...
# Subtest: WHAT[verification-system-006] native initial inspection failure preserves its cause and drains actual frozen descendants before rejection
ok 2 - WHAT[verification-system-006] native initial inspection failure preserves its cause and drains actual frozen descendants before rejection
  ---
  duration_ms: 1324.081292
  type: 'test'
  ...
# Subtest: WHAT[verification-system-006] native initial and frozen inspection failures preserve both causes without claiming complete inventory
ok 3 - WHAT[verification-system-006] native initial and frozen inspection failures preserve both causes without claiming complete inventory
  ---
  duration_ms: 1268.938
  type: 'test'
  ...
# Subtest: WHAT[verification-system-006] native incomplete snapshot cannot certify a missing root as fully captured
ok 4 - WHAT[verification-system-006] native incomplete snapshot cannot certify a missing root as fully captured
  ---
  duration_ms: 1287.974625
  type: 'test'
  ...
# Subtest: WHAT[verification-system-006] native freeze inspection failure preserves its original cause and drains known owned resources while retaining a foreign group
ok 5 - WHAT[verification-system-006] native freeze inspection failure preserves its original cause and drains known owned resources while retaining a foreign group
  ---
  duration_ms: 1294.984
  type: 'test'
  ...
# Subtest: WHAT[verification-system-006] native drain inspection failure preserves its original cause and drains captured owned resources while retaining a foreign group
ok 6 - WHAT[verification-system-006] native drain inspection failure preserves its original cause and drains captured owned resources while retaining a foreign group
  ---
  duration_ms: 1567.814833
  type: 'test'
  ...
# Subtest: WHAT[verification-system-006] native double inspection failure preserves both original causes and reports incomplete owned cleanup
ok 7 - WHAT[verification-system-006] native double inspection failure preserves both original causes and reports incomplete owned cleanup
  ---
  duration_ms: 1332.822958
  type: 'test'
  ...
# Subtest: WHAT[verification-system-006] invalid lifecycle termination drains the actual detached installed Host before rejection and preserves a foreign group
ok 8 - WHAT[verification-system-006] invalid lifecycle termination drains the actual detached installed Host before rejection and preserves a foreign group
  ---
  duration_ms: 1188.435416
  type: 'test'
  ...
# Subtest: WHAT[verification-system-006] a complete passing native ledger rejects and reclaims its actual same-group residue while preserving a foreign group
ok 9 - WHAT[verification-system-006] a complete passing native ledger rejects and reclaims its actual same-group residue while preserving a foreign group
  ---
  duration_ms: 324.872834
  type: 'test'
  ...
# {"caught":{"error":{"name":"Error","message":"runner: supervised suite failed (exit 1)","exitCode":1},"owned":{"inner":{"pid":16433,"parentPid":16405,"pgid":16433,"state":"Ss","started":"Thu Oct  8 16:50:40 2026"},"worker":{"pid":16434,"parentPid":16433,"pgid":16433,"state":"S","started":"Thu Oct  8 16:50:40 2026"},"resource":{"pid":16435,"parentPid":16434,"pgid":16433,"state":"S","started":"Thu Oct  8 16:50:40 2026"},"home":"/private/var/folders/g_/3ydzn7kx5lg9ylq8fd9p_13r0000gn/T/normal-exit-residual-01mqyk/wxs-runner-home-yANuBM"},"foreign":{"pid":16406,"parentPid":16405,"pgid":16406,"state":"Ss","started":"Thu Oct  8 16:50:40 2026"},"ownedMembers":[],"foreignCurrent":{"pid":16406,"parentPid":16405,"pgid":16406,"state":"Ss","started":"Thu Oct  8 16:50:40 2026"},"homeExists":false},"foreignCleanup":{"pid":16406,"members":[]},"workerCost":{"version":1,"entryFile":"/var/folders/g_/3ydzn7kx5lg9ylq8fd9p_13r0000gn/T/normal-exit-residual-01mqyk/normal-exit-residual.fixture.mjs","enabled":true,"pid":16434,"status":"complete","reason":null,"preImport":{"version":1,"phase":"pre-import","sequence":0,"entryFile":"/var/folders/g_/3ydzn7kx5lg9ylq8fd9p_13r0000gn/T/normal-exit-residual-01mqyk/normal-exit-residual.fixture.mjs","pid":16434,"parentPid":16433,"monotonicMs":15.215375,"cpuUserMicros":20599,"cpuSystemMicros":3422},"exit":{"version":1,"phase":"exit","sequence":1,"entryFile":"/var/folders/g_/3ydzn7kx5lg9ylq8fd9p_13r0000gn/T/normal-exit-residual-01mqyk/normal-exit-residual.fixture.mjs","pid":16434,"parentPid":16433,"monotonicMs":87.719333,"cpuUserMicros":32564,"cpuSystemMicros":5836,"exitCode":0},"interval":{"clockPid":16434,"wallMs":72.50395800000001,"cpuUserMicros":11965,"cpuSystemMicros":2414}},"supervisorLines":["[test-summary] 1 file(s), 1 passed, 0 failed (0.10s wall, 0.07s test time)","runner: residual process group 16433 after inner exit; surviving pids: 16435","runner: process group 16433 reclaimed; the run still fails","runner: post-exit group verification/reclamation: pid=16433; elapsedMs=31.891; accepted=false","runner: 1 passed, 0 failed; 1/1 planned file(s) completed"]}
# Subtest: WHAT[verification-system-006] probe consumer setup failure settles its already running native owner before rejection
ok 10 - WHAT[verification-system-006] probe consumer setup failure settles its already running native owner before rejection
  ---
  duration_ms: 212.172792
  type: 'test'
  ...
# Subtest: WHAT[verification-system-006] probe consumer setup and native cleanup failure preserve both causes after actual owner settlement
ok 11 - WHAT[verification-system-006] probe consumer setup and native cleanup failure preserve both causes after actual owner settlement
  ---
  duration_ms: 197.989125
  type: 'test'
  ...
# Subtest: WHAT[verification-system-006] owned tool monitoring preserves actual terminals and rejects missing control evidence
    # Subtest: WHAT[verification-system-006] empty PATH preserves exact selected environment and actual independent process group
    ok 1 - WHAT[verification-system-006] empty PATH preserves exact selected environment and actual independent process group
      ---
      duration_ms: 68.172625
      type: 'test'
      ...
    # Subtest: WHAT[verification-system-006] a selected nonzero exit is preserved instead of the monitor exit
    ok 2 - WHAT[verification-system-006] a selected nonzero exit is preserved instead of the monitor exit
      ---
      duration_ms: 63.546708
      type: 'test'
      ...
    # Subtest: WHAT[verification-system-006] a selected process signal is preserved instead of the monitor exit
    ok 3 - WHAT[verification-system-006] a selected process signal is preserved instead of the monitor exit
      ---
      duration_ms: 60.7595
      type: 'test'
      ...
    # Subtest: WHAT[verification-system-006] a real selected executable spawn failure retains its OS cause
    ok 4 - WHAT[verification-system-006] a real selected executable spawn failure retains its OS cause
      ---
      duration_ms: 24.742542
      type: 'test'
      ...
    # Subtest: WHAT[verification-system-006] missing monitor terminal before selected spawn rejects acceptance
    ok 5 - WHAT[verification-system-006] missing monitor terminal before selected spawn rejects acceptance
      ---
      duration_ms: 24.111667
      type: 'test'
      ...
    # Subtest: WHAT[verification-system-006] malformed monitor terminal before selected spawn rejects acceptance
    ok 6 - WHAT[verification-system-006] malformed monitor terminal before selected spawn rejects acceptance
      ---
      duration_ms: 24.276458
      type: 'test'
      ...
    # Subtest: WHAT[verification-system-006] duplicate monitor terminal before selected spawn rejects acceptance
    ok 7 - WHAT[verification-system-006] duplicate monitor terminal before selected spawn rejects acceptance
      ---
      duration_ms: 23.871083
      type: 'test'
      ...
    # Subtest: WHAT[verification-system-006] missing actual tool start evidence rejects acceptance and drains its group
    ok 8 - WHAT[verification-system-006] missing actual tool start evidence rejects acceptance and drains its group
      ---
      duration_ms: 81.39275
      type: 'test'
      ...
    # Subtest: WHAT[verification-system-006] malformed actual tool start evidence rejects acceptance and drains its group
    ok 9 - WHAT[verification-system-006] malformed actual tool start evidence rejects acceptance and drains its group
      ---
      duration_ms: 59.888375
      type: 'test'
      ...
    # Subtest: WHAT[verification-system-006] duplicate actual tool start evidence rejects acceptance and drains its group
    ok 10 - WHAT[verification-system-006] duplicate actual tool start evidence rejects acceptance and drains its group
      ---
      duration_ms: 59.654416
      type: 'test'
      ...
    1..10
ok 12 - WHAT[verification-system-006] owned tool monitoring preserves actual terminals and rejects missing control evidence
  ---
  duration_ms: 492.000791
  type: 'test'
  ...
# Subtest: WHAT[verification-system-006] event safety ceilings validate input and count actual non-heartbeat events
ok 13 - WHAT[verification-system-006] event safety ceilings validate input and count actual non-heartbeat events
  ---
  duration_ms: 0.477875
  type: 'test'
  ...
# Subtest: WHAT[verification-system-006] diagnostics preserve the actual wait and monitored subject
ok 14 - WHAT[verification-system-006] diagnostics preserve the actual wait and monitored subject
  ---
  duration_ms: 6.369083
  type: 'test'
  ...
# Subtest: WHAT[verification-system-006] missing and corrupt wait snapshots disclose the diagnostic gap
ok 15 - WHAT[verification-system-006] missing and corrupt wait snapshots disclose the diagnostic gap
  ---
  duration_ms: 8.862333
  type: 'test'
  ...
# Subtest: WHAT[verification-system-006] the initial silence window covers execution before its first progress
ok 16 - WHAT[verification-system-006] the initial silence window covers execution before its first progress
  ---
  duration_ms: 0.806167
  type: 'test'
  ...
# Subtest: WHAT[verification-system-006] continuing progress outlives a window and silence is measured from its last advance
ok 17 - WHAT[verification-system-006] continuing progress outlives a window and silence is measured from its last advance
  ---
  duration_ms: 0.323041
  type: 'test'
  ...
# Subtest: WHAT[verification-system-006] completed verdicts renew the window while repeated log traffic cannot
ok 18 - WHAT[verification-system-006] completed verdicts renew the window while repeated log traffic cannot
  ---
  duration_ms: 1.162708
  type: 'test'
  ...
# Subtest: WHAT[verification-system-006] scheduling events do not renew the silence window
ok 19 - WHAT[verification-system-006] scheduling events do not renew the silence window
  ---
  duration_ms: 0.307209
  type: 'test'
  ...
# Subtest: WHAT[verification-system-006] the real verdict transport records body entry with its actual parent test and process identity
ok 20 - WHAT[verification-system-006] the real verdict transport records body entry with its actual parent test and process identity
  ---
  duration_ms: 63.0395
  type: 'test'
  ...
# Subtest: WHAT[verification-system-006] worker cost observations identify two actual file processes and leave an unobserved exit missing
ok 21 - WHAT[verification-system-006] worker cost observations identify two actual file processes and leave an unobserved exit missing
  ---
  duration_ms: 117.009
  type: 'test'
  ...
# Subtest: WHAT[verification-system-006] worker cost diagnostics preserve actual success and assertion failure with a closed exit sink
ok 22 - WHAT[verification-system-006] worker cost diagnostics preserve actual success and assertion failure with a closed exit sink
  ---
  duration_ms: 893.399292
  type: 'test'
  ...
# Subtest: WHAT[verification-system-006] continuing worker cost IPC cannot renew a pending file after invalid diagnostic evidence
ok 23 - WHAT[verification-system-006] continuing worker cost IPC cannot renew a pending file after invalid diagnostic evidence
  ---
  duration_ms: 410.737959
  type: 'test'
  ...
# Subtest: WHAT[verification-system-006] invalid worker cost IPC leaves actual runner verdicts and process cleanup unchanged
ok 24 - WHAT[verification-system-006] invalid worker cost IPC leaves actual runner verdicts and process cleanup unchanged
  ---
  duration_ms: 223.333083
  type: 'test'
  ...
# Subtest: WHAT[verification-system-006] the worker cost collector rejects observations and invalid states presented as disabled
ok 25 - WHAT[verification-system-006] the worker cost collector rejects observations and invalid states presented as disabled
  ---
  duration_ms: 0.459708
  type: 'test'
  ...
# Subtest: WHAT[verification-system-006] the worker cost collector preserves native cumulative units and only derives a same-process interval
ok 26 - WHAT[verification-system-006] the worker cost collector preserves native cumulative units and only derives a same-process interval
  ---
  duration_ms: 0.245334
  type: 'test'
  ...
# Subtest: WHAT[verification-system-006] the worker cost collector invalidates forged, duplicate, reordered and wrongly attributed observations without a business verdict
ok 27 - WHAT[verification-system-006] the worker cost collector invalidates forged, duplicate, reordered and wrongly attributed observations without a business verdict
  ---
  duration_ms: 0.719334
  type: 'test'
  ...
# Subtest: WHAT[verification-system-006] the worker cost collector bounds fragmented bytes and distinguishes disabled, missing and truncated observations
ok 28 - WHAT[verification-system-006] the worker cost collector bounds fragmented bytes and distinguishes disabled, missing and truncated observations
  ---
  duration_ms: 0.320792
  type: 'test'
  ...
# Subtest: WHAT[verification-system-006] file waits distinguish queued, active and verdicts awaiting stream drain
ok 29 - WHAT[verification-system-006] file waits distinguish queued, active and verdicts awaiting stream drain
  ---
  duration_ms: 0.156667
  type: 'test'
  ...
# Subtest: WHAT[verification-system-006] file lifecycle facts reject unknown entries and impossible transitions
ok 30 - WHAT[verification-system-006] file lifecycle facts reject unknown entries and impossible transitions
  ---
  duration_ms: 0.165333
  type: 'test'
  ...
# Subtest: WHAT[verification-system-006] a pending runtime test start remains diagnostic evidence without becoming a verdict
ok 31 - WHAT[verification-system-006] a pending runtime test start remains diagnostic evidence without becoming a verdict
  ---
  duration_ms: 0.051458
  type: 'test'
  ...
# Subtest: WHAT[verification-system-006] continuing body entry diagnostics cannot keep a genuinely pending test alive
ok 32 - WHAT[verification-system-006] continuing body entry diagnostics cannot keep a genuinely pending test alive
  ---
  duration_ms: 387.0885
  type: 'test'
  ...
# Subtest: WHAT[verification-system-006] real tool diagnostics preserve stdout failure and complete cleanup without forwarding the control field
ok 33 - WHAT[verification-system-006] real tool diagnostics preserve stdout failure and complete cleanup without forwarding the control field
  ---
  duration_ms: 618.362291
  type: 'test'
  ...
# Subtest: WHAT[verification-system-006] real silence diagnostics identify active waits separately from queued files
ok 34 - WHAT[verification-system-006] real silence diagnostics identify active waits separately from queued files
  ---
  duration_ms: 1220.467791
  type: 'test'
  ...
# Subtest: WHAT[verification-system-006] silence failure reclaims its process group before the caller catches it and completes cleanup
ok 35 - WHAT[verification-system-006] silence failure reclaims its process group before the caller catches it and completes cleanup
  ---
  duration_ms: 1131.999041
  type: 'test'
  ...
# Subtest: WHAT[verification-system-006] synchronous runner spawn failure preserves its cause and stops its watchdog
ok 36 - WHAT[verification-system-006] synchronous runner spawn failure preserves its cause and stops its watchdog
  ---
  duration_ms: 441.751417
  type: 'test'
  ...
# Subtest: WHAT[verification-system-006] suite HOME cleanup failure preserves the original failed verdict and rejects acceptance
ok 37 - WHAT[verification-system-006] suite HOME cleanup failure preserves the original failed verdict and rejects acceptance
  ---
  duration_ms: 141.029875
  type: 'test'
  ...
# Subtest: WHAT[verification-system-006] standalone inner owns only its allocated HOME and always releases it
ok 38 - WHAT[verification-system-006] standalone inner owns only its allocated HOME and always releases it
  ---
  duration_ms: 167.66825
  type: 'test'
  ...
# Subtest: WHAT[verification-system-006] physical backstop diagnostics retain active verdicts and queued files while completed leaves continue advancing
ok 39 - WHAT[verification-system-006] physical backstop diagnostics retain active verdicts and queued files while completed leaves continue advancing
  ---
  duration_ms: 1598.050375
  type: 'test'
  ...
# Subtest: WHAT[verification-system-006] synchronous work and microtasks deliver completed verdicts before the file ends
ok 40 - WHAT[verification-system-006] synchronous work and microtasks deliver completed verdicts before the file ends
  ---
  duration_ms: 2226.670125
  type: 'test'
  ...
# Subtest: WHAT[verification-system-006] transport scheduling cannot renew unfinished work or background noise
ok 41 - WHAT[verification-system-006] transport scheduling cannot renew unfinished work or background noise
  ---
  duration_ms: 3277.687834
  type: 'test'
  ...
# Subtest: WHAT[verification-system-006] transport scheduling preserves after-hook failure verdicts
ok 42 - WHAT[verification-system-006] transport scheduling preserves after-hook failure verdicts
  ---
  duration_ms: 2229.564334
  type: 'test'
  ...
# Subtest: WHAT[verification-system-006] repeat observations of one causal state do not renew twice
ok 43 - WHAT[verification-system-006] repeat observations of one causal state do not renew twice
  ---
  duration_ms: 0.337333
  type: 'test'
  ...
# Subtest: WHAT[verification-system-006] stop cancels monitoring and late signals cannot resurrect it
ok 44 - WHAT[verification-system-006] stop cancels monitoring and late signals cannot resurrect it
  ---
  duration_ms: 0.101
  type: 'test'
  ...
# Subtest: WHAT[verification-system-006] changing the window does not invent new causal progress
ok 45 - WHAT[verification-system-006] changing the window does not invent new causal progress
  ---
  duration_ms: 0.093791
  type: 'test'
  ...
# Subtest: WHAT[verification-system-006] restoring the default window retains the original last-progress time
ok 46 - WHAT[verification-system-006] restoring the default window retains the original last-progress time
  ---
  duration_ms: 0.085917
  type: 'test'
  ...
# Subtest: WHAT[verification-system-006] failed diagnostic collection discloses its cause before exit
ok 47 - WHAT[verification-system-006] failed diagnostic collection discloses its cause before exit
  ---
  duration_ms: 0.195667
  type: 'test'
  ...
# Subtest: WHAT[verification-system-006] hung diagnostic collection discloses missing information and cannot prevent exit
ok 48 - WHAT[verification-system-006] hung diagnostic collection discloses missing information and cannot prevent exit
  ---
  duration_ms: 0.25575
  type: 'test'
  ...
# Subtest: WHAT[verification-system-006] successful diagnostic collection completes before a single exit
ok 49 - WHAT[verification-system-006] successful diagnostic collection completes before a single exit
  ---
  duration_ms: 0.125709
  type: 'test'
  ...
# Subtest: WHAT[verification-system-006] a diagnostic output failure still terminates once and cannot restart monitoring
ok 50 - WHAT[verification-system-006] a diagnostic output failure still terminates once and cannot restart monitoring
  ---
  duration_ms: 0.138917
  type: 'test'
  ...
# Subtest: WHAT[verification-system-006] consumed expectation observations preserve the matched physical attempt
ok 51 - WHAT[verification-system-006] consumed expectation observations preserve the matched physical attempt
  ---
  duration_ms: 0.245125
  type: 'test'
  ...
# Subtest: WHAT[verification-system-006] turn observations keep session identity and forget pre-restart cursors
ok 52 - WHAT[verification-system-006] turn observations keep session identity and forget pre-restart cursors
  ---
  duration_ms: 0.222083
  type: 'test'
  ...
# Subtest: WHAT[verification-system-006] alternative progress waits resolve the observed branch and release siblings
ok 53 - WHAT[verification-system-006] alternative progress waits resolve the observed branch and release siblings
  ---
  duration_ms: 0.185708
  type: 'test'
  ...
1..53
# tests 63
# suites 0
# pass 63
# fail 0
# cancelled 0
# skipped 0
# todo 0
# duration_ms 27091.743792
