TAP version 13
# Subtest: WHAT[verification-system-006] owned tool monitoring preserves actual terminals and rejects missing control evidence
    # Subtest: WHAT[verification-system-006] empty PATH preserves exact selected environment and actual independent process group
    ok 1 - WHAT[verification-system-006] empty PATH preserves exact selected environment and actual independent process group
      ---
      duration_ms: 74.812708
      type: 'test'
      ...
    # Subtest: WHAT[verification-system-006] a selected nonzero exit is preserved instead of the monitor exit
    ok 2 - WHAT[verification-system-006] a selected nonzero exit is preserved instead of the monitor exit
      ---
      duration_ms: 64.067459
      type: 'test'
      ...
    # Subtest: WHAT[verification-system-006] a selected process signal is preserved instead of the monitor exit
    ok 3 - WHAT[verification-system-006] a selected process signal is preserved instead of the monitor exit
      ---
      duration_ms: 68.492875
      type: 'test'
      ...
    # Subtest: WHAT[verification-system-006] a real selected executable spawn failure retains its OS cause
    ok 4 - WHAT[verification-system-006] a real selected executable spawn failure retains its OS cause
      ---
      duration_ms: 27.346875
      type: 'test'
      ...
    # Subtest: WHAT[verification-system-006] missing monitor terminal before selected spawn rejects acceptance
    ok 5 - WHAT[verification-system-006] missing monitor terminal before selected spawn rejects acceptance
      ---
      duration_ms: 24.653292
      type: 'test'
      ...
    # Subtest: WHAT[verification-system-006] malformed monitor terminal before selected spawn rejects acceptance
    ok 6 - WHAT[verification-system-006] malformed monitor terminal before selected spawn rejects acceptance
      ---
      duration_ms: 23.70325
      type: 'test'
      ...
    # Subtest: WHAT[verification-system-006] duplicate monitor terminal before selected spawn rejects acceptance
    ok 7 - WHAT[verification-system-006] duplicate monitor terminal before selected spawn rejects acceptance
      ---
      duration_ms: 23.980667
      type: 'test'
      ...
    # Subtest: WHAT[verification-system-006] missing actual tool start evidence rejects acceptance and drains its group
    ok 8 - WHAT[verification-system-006] missing actual tool start evidence rejects acceptance and drains its group
      ---
      duration_ms: 86.147625
      type: 'test'
      ...
    # Subtest: WHAT[verification-system-006] malformed actual tool start evidence rejects acceptance and drains its group
    ok 9 - WHAT[verification-system-006] malformed actual tool start evidence rejects acceptance and drains its group
      ---
      duration_ms: 61.059375
      type: 'test'
      ...
    # Subtest: WHAT[verification-system-006] duplicate actual tool start evidence rejects acceptance and drains its group
    ok 10 - WHAT[verification-system-006] duplicate actual tool start evidence rejects acceptance and drains its group
      ---
      duration_ms: 60.014917
      type: 'test'
      ...
    1..10
ok 1 - WHAT[verification-system-006] owned tool monitoring preserves actual terminals and rejects missing control evidence
  ---
  duration_ms: 516.6765
  type: 'test'
  ...
1..1
# tests 11
# suites 0
# pass 11
# fail 0
# cancelled 0
# skipped 0
# todo 0
# duration_ms 738.81375
