TAP version 13
# Subtest: WHAT[verification-system-016] a failed Git batch preserves its cause and reclaims only its owned source output
ok 1 - WHAT[verification-system-016] a failed Git batch preserves its cause and reclaims only its owned source output
  ---
  duration_ms: 116.328125
  type: 'test'
  ...
# Subtest: WHAT[verification-system-016] a failed Git batch and failed close preserve both causes and reclaims only its owned source output
not ok 2 - WHAT[verification-system-016] a failed Git batch and failed close preserve both causes and reclaims only its owned source output
  ---
  duration_ms: 110.820541
  type: 'test'
  location: '/Users/yuanxi/Workwork/vibe-fs/requirements/verification-system/tests/016.test.mjs:590:1'
  failureType: 'testCodeFailure'
  error: |-
    The validation function is expected to return "true". Received false
    
    Caught error:
    
    Error: EBADF: bad file descriptor, close
  code: 'ERR_ASSERTION'
  name: 'AssertionError'
  stack: |-
    async TestContext.<anonymous> (file:///Users/yuanxi/Workwork/vibe-fs/requirements/verification-system/tests/016.test.mjs:608:5)
    async Test.run (node:internal/test_runner/test:1054:7)
    async Test.processPendingSubtests (node:internal/test_runner/test:744:7)
  ...
1..2
# tests 2
# suites 0
# pass 1
# fail 1
# cancelled 0
# skipped 0
# todo 0
# duration_ms 292.931083
