TAP version 13
# Subtest: WHAT[verification-system-014] the Long Stroke entry satisfies the watchdog-feed guard
ok 1 - WHAT[verification-system-014] the Long Stroke entry satisfies the watchdog-feed guard
  ---
  duration_ms: 1.132
  type: 'test'
  ...
# Subtest: WHAT[verification-system-014] matchInvestigationOutlookMarker correctly identifies outlook markers and never falls back to raw description
ok 2 - WHAT[verification-system-014] matchInvestigationOutlookMarker correctly identifies outlook markers and never falls back to raw description
  ---
  duration_ms: 0.649875
  type: 'test'
  ...
# Subtest: WHAT[verification-system-014] the compiled Long Stroke scenario preserves its Manager and consecutive-failure cases
ok 3 - WHAT[verification-system-014] the compiled Long Stroke scenario preserves its Manager and consecutive-failure cases
  ---
  duration_ms: 9.842083
  type: 'test'
  ...
# Subtest: WHAT[verification-system-014] Long Stroke strictly consumes current production Blogger instructions across sessions
ok 4 - WHAT[verification-system-014] Long Stroke strictly consumes current production Blogger instructions across sessions
  ---
  duration_ms: 30.588125
  type: 'test'
  ...
# Subtest: WHAT[verification-system-014] Long Stroke strictly consumes current production internal resources and readonly capabilities
not ok 5 - WHAT[verification-system-014] Long Stroke strictly consumes current production internal resources and readonly capabilities
  ---
  duration_ms: 32.753875
  type: 'test'
  location: '/Users/yuanxi/Workwork/vibe-fs/requirements/verification-system/tests/014.test.mjs:242:1'
  failureType: 'testCodeFailure'
  error: |-
    production readonly instruction and exact js-predictor capability must select one declared turn
    + actual - expected
    
    + undefined
    - 'strength-readonly-replica.0'
    
  code: 'ERR_ASSERTION'
  name: 'AssertionError'
  expected: 'strength-readonly-replica.0'
  operator: 'strictEqual'
  stack: |-
    TestContext.<anonymous> (file:///Users/yuanxi/Workwork/vibe-fs/requirements/verification-system/tests/014.test.mjs:259:12)
    async Test.run (node:internal/test_runner/test:1054:7)
    async Test.processPendingSubtests (node:internal/test_runner/test:744:7)
  ...
# Subtest: WHAT[verification-system-014] readonly replica finish requires its actual completed probe exchange, independently of deliveries
not ok 6 - WHAT[verification-system-014] readonly replica finish requires its actual completed probe exchange, independently of deliveries
  ---
  duration_ms: 2.107083
  type: 'test'
  location: '/Users/yuanxi/Workwork/vibe-fs/requirements/verification-system/tests/014.test.mjs:303:1'
  failureType: 'testCodeFailure'
  error: |-
    the old scenario must fail at the production instruction boundary
    + actual - expected
    
    + undefined
    - 'strength-readonly-replica.0'
    
  code: 'ERR_ASSERTION'
  name: 'AssertionError'
  expected: 'strength-readonly-replica.0'
  operator: 'strictEqual'
  stack: |-
    TestContext.<anonymous> (file:///Users/yuanxi/Workwork/vibe-fs/requirements/verification-system/tests/014.test.mjs:331:10)
    async Test.run (node:internal/test_runner/test:1054:7)
    async Test.processPendingSubtests (node:internal/test_runner/test:744:7)
  ...
# Subtest: WHAT[verification-system-014] Long Stroke 真实物理验收环境
ok 7 - WHAT[verification-system-014] Long Stroke 真实物理验收环境 # SKIP release tier not enabled
  ---
  duration_ms: 0.075
  type: 'test'
  ...
1..7
# tests 7
# suites 0
# pass 4
# fail 2
# cancelled 0
# skipped 1
# todo 0
# duration_ms 238.203709
