TAP version 13
# Subtest: WHAT[verification-system-014] the Long Stroke entry satisfies the watchdog-feed guard
ok 1 - WHAT[verification-system-014] the Long Stroke entry satisfies the watchdog-feed guard
  ---
  duration_ms: 1.124416
  type: 'test'
  ...
# Subtest: WHAT[verification-system-014] matchInvestigationOutlookMarker correctly identifies outlook markers and never falls back to raw description
ok 2 - WHAT[verification-system-014] matchInvestigationOutlookMarker correctly identifies outlook markers and never falls back to raw description
  ---
  duration_ms: 0.612208
  type: 'test'
  ...
# Subtest: WHAT[verification-system-014] the compiled Long Stroke scenario preserves its Manager and consecutive-failure cases
ok 3 - WHAT[verification-system-014] the compiled Long Stroke scenario preserves its Manager and consecutive-failure cases
  ---
  duration_ms: 9.177209
  type: 'test'
  ...
# Subtest: WHAT[verification-system-014] Long Stroke strictly consumes current production Blogger instructions across sessions
ok 4 - WHAT[verification-system-014] Long Stroke strictly consumes current production Blogger instructions across sessions
  ---
  duration_ms: 16.972791
  type: 'test'
  ...
# Subtest: WHAT[verification-system-014] Long Stroke strictly consumes current production internal resources and readonly capabilities
ok 5 - WHAT[verification-system-014] Long Stroke strictly consumes current production internal resources and readonly capabilities
  ---
  duration_ms: 24.819209
  type: 'test'
  ...
# Subtest: WHAT[verification-system-014] readonly replica finish requires its actual completed probe exchange, independently of deliveries
ok 6 - WHAT[verification-system-014] readonly replica finish requires its actual completed probe exchange, independently of deliveries
  ---
  duration_ms: 13.249042
  type: 'test'
  ...
# Subtest: WHAT[verification-system-014] Long Stroke 真实物理验收环境
ok 7 - WHAT[verification-system-014] Long Stroke 真实物理验收环境 # SKIP release tier not enabled
  ---
  duration_ms: 0.041
  type: 'test'
  ...
1..7
# tests 7
# suites 0
# pass 6
# fail 0
# cancelled 0
# skipped 1
# todo 0
# duration_ms 195.833792
