runner: scoped 使用 TESTS_MJS_FILES=2 files
runner: build is current (1815 sources, 891 artifacts)
runner: discovery OVERRIDDEN by TESTS_MJS_FILES (2 file(s))
runner: 2 test file(s), 30000ms verdict-silence window
runner: file lifecycle {"entryFile":"/Users/yuanxi/Workwork/vibe-fs/requirements/knowledge-reuse/tests/009.test.mjs","pid":97203,"parentPid":97171,"type":"runner:file-start","elapsedMs":39.34283299999993}
runner: file lifecycle {"entryFile":"/Users/yuanxi/Workwork/vibe-fs/requirements/knowledge-reuse/tests/011.test.mjs","pid":97203,"parentPid":97171,"type":"runner:file-start","elapsedMs":40.82224999999994}
[verification-worker-cost] {"version":1,"phase":"pre-import","sequence":0,"entryFile":"/Users/yuanxi/Workwork/vibe-fs/requirements/knowledge-reuse/tests/009.test.mjs","pid":97204,"parentPid":97203,"monotonicMs":20.472541,"cpuUserMicros":24533,"cpuSystemMicros":5989}
[verification-worker-cost] {"version":1,"phase":"pre-import","sequence":0,"entryFile":"/Users/yuanxi/Workwork/vibe-fs/requirements/knowledge-reuse/tests/011.test.mjs","pid":97205,"parentPid":97203,"monotonicMs":22.889833,"cpuUserMicros":26468,"cpuSystemMicros":5535}
[verification-test-start] {"pid":97204,"parentPid":97203,"entryFile":"/Users/yuanxi/Workwork/vibe-fs/requirements/knowledge-reuse/tests/009.test.mjs","name":"WHAT[knowledge-reuse-009] absent marker keeps an existing root neutral and the bound fetch recognizes later enabling","fullName":"WHAT[knowledge-reuse-009] absent marker keeps an existing root neutral and the bound fetch recognizes later enabling"}
[verification-test-start] {"pid":97205,"parentPid":97203,"entryFile":"/Users/yuanxi/Workwork/vibe-fs/requirements/knowledge-reuse/tests/011.test.mjs","name":"WHAT[knowledge-reuse-011] overlapping fetches join one actual in-flight maintenance and receive the same result","fullName":"WHAT[knowledge-reuse-011] overlapping fetches join one actual in-flight maintenance and receive the same result"}
[verification-test-start] {"pid":97204,"parentPid":97203,"entryFile":"/Users/yuanxi/Workwork/vibe-fs/requirements/knowledge-reuse/tests/009.test.mjs","name":"WHAT[knowledge-reuse-009] a missing root binds a neutral fetch without creating a directory, index or event","fullName":"WHAT[knowledge-reuse-009] a missing root binds a neutral fetch without creating a directory, index or event"}
[verification-test-start] {"pid":97204,"parentPid":97203,"entryFile":"/Users/yuanxi/Workwork/vibe-fs/requirements/knowledge-reuse/tests/009.test.mjs","name":"WHAT[knowledge-reuse-009] a root resolution I/O fault refuses binding with its original error and no fallback or Casebook effects","fullName":"WHAT[knowledge-reuse-009] a root resolution I/O fault refuses binding with its original error and no fallback or Casebook effects"}
[verification-test-start] {"pid":97204,"parentPid":97203,"entryFile":"/Users/yuanxi/Workwork/vibe-fs/requirements/knowledge-reuse/tests/009.test.mjs","name":"WHAT[knowledge-reuse-009] actual lifecycle finalization without a marker does not publish a case","fullName":"WHAT[knowledge-reuse-009] actual lifecycle finalization without a marker does not publish a case"}
[verification-test-start] {"pid":97205,"parentPid":97203,"entryFile":"/Users/yuanxi/Workwork/vibe-fs/requirements/knowledge-reuse/tests/011.test.mjs","name":"WHAT[knowledge-reuse-011] physical workspace identical bindings and different required owners share one actual flight","fullName":"WHAT[knowledge-reuse-011] physical workspace identical bindings and different required owners share one actual flight"}
[verification-test-start] {"pid":97205,"parentPid":97203,"entryFile":"/Users/yuanxi/Workwork/vibe-fs/requirements/knowledge-reuse/tests/011.test.mjs","name":"WHAT[knowledge-reuse-011] physical workspace dot bindings and different required owners share one actual flight","fullName":"WHAT[knowledge-reuse-011] physical workspace dot bindings and different required owners share one actual flight"}
[verification-test-start] {"pid":97204,"parentPid":97203,"entryFile":"/Users/yuanxi/Workwork/vibe-fs/requirements/knowledge-reuse/tests/009.test.mjs","name":"WHAT[knowledge-reuse-009] GAP-160: actual plugin excludes description and index and appends no Casebook facts while disabled","fullName":"WHAT[knowledge-reuse-009] GAP-160: actual plugin excludes description and index and appends no Casebook facts while disabled"}
[verification-worker-cost] {"version":1,"phase":"exit","sequence":1,"entryFile":"/Users/yuanxi/Workwork/vibe-fs/requirements/knowledge-reuse/tests/009.test.mjs","pid":97204,"parentPid":97203,"monotonicMs":500.4235,"cpuUserMicros":204663,"cpuSystemMicros":42300,"exitCode":0}
runner: file lifecycle {"entryFile":"/Users/yuanxi/Workwork/vibe-fs/requirements/knowledge-reuse/tests/009.test.mjs","type":"runner:file-drained","elapsedMs":556.9100409999999}
runner: worker cost {"version":1,"entryFile":"/Users/yuanxi/Workwork/vibe-fs/requirements/knowledge-reuse/tests/009.test.mjs","enabled":true,"pid":97204,"status":"complete","reason":null,"preImport":{"version":1,"phase":"pre-import","sequence":0,"entryFile":"/Users/yuanxi/Workwork/vibe-fs/requirements/knowledge-reuse/tests/009.test.mjs","pid":97204,"parentPid":97203,"monotonicMs":20.472541,"cpuUserMicros":24533,"cpuSystemMicros":5989},"exit":{"version":1,"phase":"exit","sequence":1,"entryFile":"/Users/yuanxi/Workwork/vibe-fs/requirements/knowledge-reuse/tests/009.test.mjs","pid":97204,"parentPid":97203,"monotonicMs":500.4235,"cpuUserMicros":204663,"cpuSystemMicros":42300,"exitCode":0},"interval":{"clockPid":97204,"wallMs":479.950959,"cpuUserMicros":180130,"cpuSystemMicros":36311}}
[verification-test-start] {"pid":97205,"parentPid":97203,"entryFile":"/Users/yuanxi/Workwork/vibe-fs/requirements/knowledge-reuse/tests/011.test.mjs","name":"WHAT[knowledge-reuse-011] physical workspace relative bindings and different required owners share one actual flight","fullName":"WHAT[knowledge-reuse-011] physical workspace relative bindings and different required owners share one actual flight"}
[verification-test-start] {"pid":97205,"parentPid":97203,"entryFile":"/Users/yuanxi/Workwork/vibe-fs/requirements/knowledge-reuse/tests/011.test.mjs","name":"WHAT[knowledge-reuse-011] physical workspace symlink bindings and different required owners share one actual flight","fullName":"WHAT[knowledge-reuse-011] physical workspace symlink bindings and different required owners share one actual flight"}
[verification-test-start] {"pid":97205,"parentPid":97203,"entryFile":"/Users/yuanxi/Workwork/vibe-fs/requirements/knowledge-reuse/tests/011.test.mjs","name":"WHAT[knowledge-reuse-011] different workspaces with the same shelfmark keep the paused Refresh and actual malformed Access cut with their own owners","fullName":"WHAT[knowledge-reuse-011] different workspaces with the same shelfmark keep the paused Refresh and actual malformed Access cut with their own owners"}
[verification-test-start] {"pid":97205,"parentPid":97203,"entryFile":"/Users/yuanxi/Workwork/vibe-fs/requirements/knowledge-reuse/tests/011.test.mjs","name":"WHAT[knowledge-reuse-011] real linked worktrees sharing a common directory and Store retain separate physical flights","fullName":"WHAT[knowledge-reuse-011] real linked worktrees sharing a common directory and Store retain separate physical flights"}
[verification-test-start] {"pid":97205,"parentPid":97203,"entryFile":"/Users/yuanxi/Workwork/vibe-fs/requirements/knowledge-reuse/tests/011.test.mjs","name":"WHAT[knowledge-reuse-011] same key and actual Store execute again after success settlement","fullName":"WHAT[knowledge-reuse-011] same key and actual Store execute again after success settlement"}
[verification-test-start] {"pid":97205,"parentPid":97203,"entryFile":"/Users/yuanxi/Workwork/vibe-fs/requirements/knowledge-reuse/tests/011.test.mjs","name":"WHAT[knowledge-reuse-011] same key and actual Store execute again after ordinary-exception settlement","fullName":"WHAT[knowledge-reuse-011] same key and actual Store execute again after ordinary-exception settlement"}
[verification-test-start] {"pid":97205,"parentPid":97203,"entryFile":"/Users/yuanxi/Workwork/vibe-fs/requirements/knowledge-reuse/tests/011.test.mjs","name":"WHAT[knowledge-reuse-011] same key and actual Store execute again after fatal-return settlement","fullName":"WHAT[knowledge-reuse-011] same key and actual Store execute again after fatal-return settlement"}
[verification-test-start] {"pid":97205,"parentPid":97203,"entryFile":"/Users/yuanxi/Workwork/vibe-fs/requirements/knowledge-reuse/tests/011.test.mjs","name":"WHAT[knowledge-reuse-011] same key and actual Store execute again after fatal-throw settlement","fullName":"WHAT[knowledge-reuse-011] same key and actual Store execute again after fatal-throw settlement"}
[verification-test-start] {"pid":97205,"parentPid":97203,"entryFile":"/Users/yuanxi/Workwork/vibe-fs/requirements/knowledge-reuse/tests/011.test.mjs","name":"WHAT[knowledge-reuse-011] an active workspace flight rejects a different actual store capability without a second Bookkeeper or append","fullName":"WHAT[knowledge-reuse-011] an active workspace flight rejects a different actual store capability without a second Bookkeeper or append"}
[verification-test-start] {"pid":97205,"parentPid":97203,"entryFile":"/Users/yuanxi/Workwork/vibe-fs/requirements/knowledge-reuse/tests/011.test.mjs","name":"WHAT[knowledge-reuse-011] two required owners on one workspace store share the original settled cut rejection and one callback","fullName":"WHAT[knowledge-reuse-011] two required owners on one workspace store share the original settled cut rejection and one callback"}
[verification-test-start] {"pid":97205,"parentPid":97203,"entryFile":"/Users/yuanxi/Workwork/vibe-fs/requirements/knowledge-reuse/tests/011.test.mjs","name":"WHAT[knowledge-reuse-011] two required owners on one workspace store share one actual CurrentCommitUnknown cut, original incident and Prepared","fullName":"WHAT[knowledge-reuse-011] two required owners on one workspace store share one actual CurrentCommitUnknown cut, original incident and Prepared"}
[verification-test-start] {"pid":97205,"parentPid":97203,"entryFile":"/Users/yuanxi/Workwork/vibe-fs/requirements/knowledge-reuse/tests/011.test.mjs","name":"WHAT[knowledge-reuse-011] two required owners on one workspace store share one actual CurrentCommitUnknown without cuts and retain the stale response","fullName":"WHAT[knowledge-reuse-011] two required owners on one workspace store share one actual CurrentCommitUnknown without cuts and retain the stale response"}
[verification-test-start] {"pid":97205,"parentPid":97203,"entryFile":"/Users/yuanxi/Workwork/vibe-fs/requirements/knowledge-reuse/tests/011.test.mjs","name":"WHAT[knowledge-reuse-011] GAP-160: real replica branches become DomainConflict and converge through explicit resolution without LWW","fullName":"WHAT[knowledge-reuse-011] GAP-160: real replica branches become DomainConflict and converge through explicit resolution without LWW"}
[verification-worker-cost] {"version":1,"phase":"exit","sequence":1,"entryFile":"/Users/yuanxi/Workwork/vibe-fs/requirements/knowledge-reuse/tests/011.test.mjs","pid":97205,"parentPid":97203,"monotonicMs":2754.934958,"cpuUserMicros":349658,"cpuSystemMicros":129092,"exitCode":0}
runner: file lifecycle {"entryFile":"/Users/yuanxi/Workwork/vibe-fs/requirements/knowledge-reuse/tests/011.test.mjs","type":"runner:file-drained","elapsedMs":2810.9465}
runner: worker cost {"version":1,"entryFile":"/Users/yuanxi/Workwork/vibe-fs/requirements/knowledge-reuse/tests/011.test.mjs","enabled":true,"pid":97205,"status":"complete","reason":null,"preImport":{"version":1,"phase":"pre-import","sequence":0,"entryFile":"/Users/yuanxi/Workwork/vibe-fs/requirements/knowledge-reuse/tests/011.test.mjs","pid":97205,"parentPid":97203,"monotonicMs":22.889833,"cpuUserMicros":26468,"cpuSystemMicros":5535},"exit":{"version":1,"phase":"exit","sequence":1,"entryFile":"/Users/yuanxi/Workwork/vibe-fs/requirements/knowledge-reuse/tests/011.test.mjs","pid":97205,"parentPid":97203,"monotonicMs":2754.934958,"cpuUserMicros":349658,"cpuSystemMicros":129092,"exitCode":0},"interval":{"clockPid":97205,"wallMs":2732.0451249999996,"cpuUserMicros":323190,"cpuSystemMicros":123557}}

[test-summary] 2 file(s), 19 passed, 0 failed, 2 todo (2.78s wall, 2.98s test time)
  todo: /Users/yuanxi/Workwork/vibe-fs/requirements/knowledge-reuse/tests/009.test.mjs:WHAT[knowledge-reuse-009] GAP-160: actual plugin excludes description and index and appends no Casebook facts while disabled — reason not supplied
  todo: /Users/yuanxi/Workwork/vibe-fs/requirements/knowledge-reuse/tests/011.test.mjs:WHAT[knowledge-reuse-011] GAP-160: real replica branches become DomainConflict and converge through explicit resolution without LWW — reason not supplied
runner: post-exit group verification/reclamation: pid=97203; elapsedMs=19.538; accepted=true
runner: 21 test(s), 3.0s of test time; max 298ms, p90 237ms, median 188ms
runner:     298ms  WHAT[knowledge-reuse-009] actual lifecycle finalization without a marker does not publish a case
runner:     271ms  WHAT[knowledge-reuse-011] same key and actual Store execute again after success settlement
runner:     237ms  WHAT[knowledge-reuse-011] physical workspace dot bindings and different required owners share one actual flight
runner:     208ms  WHAT[knowledge-reuse-011] two required owners on one workspace store share one actual CurrentCommitUnknown without cuts and retain the stale response
runner:     204ms  WHAT[knowledge-reuse-011] physical workspace relative bindings and different required owners share one actual flight

runner: 19 passed, 0 failed; 2/2 planned file(s) completed
runner: partial evidence; 0 skipped, 2 TODO; excluded cases are not passes
runner: pending proof prevents complete acceptance
Error: runner: supervised suite failed (exit 1)
    at fail (file:///Users/yuanxi/Workwork/vibe-fs/requirements/verification-system/tests/e2e/support/supervise-node-test.mjs:258:25)
    at superviseOwnedNodeTest (file:///Users/yuanxi/Workwork/vibe-fs/requirements/verification-system/tests/e2e/support/supervise-node-test.mjs:541:5)
    at process.processTicksAndRejections (node:internal/process/task_queues:103:5)
    at async superviseNodeTest (file:///Users/yuanxi/Workwork/vibe-fs/requirements/verification-system/tests/e2e/support/supervise-node-test.mjs:235:14)
    at async file:///Users/yuanxi/Workwork/vibe-fs/requirements/verification-system/tests/run.mjs:94:1 {
  exitCode: 1,
  [cause]: undefined
}
