TAP version 13
# Subtest: WHAT[verification-system-014] the Long Stroke entry satisfies the watchdog-feed guard
ok 1 - WHAT[verification-system-014] the Long Stroke entry satisfies the watchdog-feed guard
  ---
  duration_ms: 0.695917
  type: 'test'
  ...
# Subtest: WHAT[verification-system-014] matchInvestigationOutlookMarker correctly identifies outlook markers and never falls back to raw description
ok 2 - WHAT[verification-system-014] matchInvestigationOutlookMarker correctly identifies outlook markers and never falls back to raw description
  ---
  duration_ms: 0.553125
  type: 'test'
  ...
# Subtest: WHAT[verification-system-014] the compiled Long Stroke scenario preserves its Manager and consecutive-failure cases
ok 3 - WHAT[verification-system-014] the compiled Long Stroke scenario preserves its Manager and consecutive-failure cases
  ---
  duration_ms: 8.168959
  type: 'test'
  ...
# Subtest: WHAT[verification-system-014] Long Stroke strictly consumes current production Blogger instructions across sessions
ok 4 - WHAT[verification-system-014] Long Stroke strictly consumes current production Blogger instructions across sessions
  ---
  duration_ms: 16.605917
  type: 'test'
  ...
# Subtest: WHAT[verification-system-014] Long Stroke strictly consumes current production internal resources and readonly capabilities
ok 5 - WHAT[verification-system-014] Long Stroke strictly consumes current production internal resources and readonly capabilities
  ---
  duration_ms: 24.423792
  type: 'test'
  ...
# Subtest: WHAT[verification-system-014] readonly replica finish requires its actual completed probe exchange, independently of deliveries
ok 6 - WHAT[verification-system-014] readonly replica finish requires its actual completed probe exchange, independently of deliveries
  ---
  duration_ms: 13.425291
  type: 'test'
  ...
# Subtest: WHAT[verification-system-014] owner continuations retain the real promoted Replica assistant steps and the recovery fault
ok 7 - WHAT[verification-system-014] owner continuations retain the real promoted Replica assistant steps and the recovery fault
  ---
  duration_ms: 2.184375
  type: 'test'
  ...
# Subtest: WHAT[verification-system-014] another Road cannot supply the HumanRoot canary missing assessment or retirement
ok 8 - WHAT[verification-system-014] another Road cannot supply the HumanRoot canary missing assessment or retirement
  ---
  duration_ms: 47.576917
  type: 'test'
  ...
# Subtest: WHAT[verification-system-014] the original HumanRoot loop oracle keeps exact Road facts and physical deliveries amid other owners
ok 9 - WHAT[verification-system-014] the original HumanRoot loop oracle keeps exact Road facts and physical deliveries amid other owners
  ---
  duration_ms: 40.2235
  type: 'test'
  ...
# Subtest: WHAT[verification-system-014] Manager loop response binding isolates each other Road from the main five-iteration spine
ok 10 - WHAT[verification-system-014] Manager loop response binding isolates each other Road from the main five-iteration spine
  ---
  duration_ms: 6.286625
  type: 'test'
  ...
# Subtest: WHAT[verification-system-014] all main relay barriers count the bound Road independently of preflow owners
ok 11 - WHAT[verification-system-014] all main relay barriers count the bound Road independently of preflow owners
  ---
  duration_ms: 1.785083
  type: 'test'
  ...
# Subtest: WHAT[verification-system-014] the original Engineer barrier and Join oracle require the same admitted Work
ok 12 - WHAT[verification-system-014] the original Engineer barrier and Join oracle require the same admitted Work
  ---
  duration_ms: 308.215125
  type: 'test'
  ...
# Subtest: WHAT[verification-system-014] declared participating tool arguments satisfy the production estimate contract
ok 13 - WHAT[verification-system-014] declared participating tool arguments satisfy the production estimate contract
  ---
  duration_ms: 117.67025
  type: 'test'
  ...
[setupScenario] ready
[mock-req] POST /v1/chat/completions
[mock-req] POST /v1/chat/completions
[mock-req] POST /v1/chat/completions
[mock-req] POST /v1/chat/completions
[mock-req] POST /v1/chat/completions
[mock-req] POST /v1/chat/completions
[mock-req] POST /v1/chat/completions
[mock-req] POST /v1/chat/completions
[mock-req] POST /v1/chat/completions
[mock-req] POST /v1/chat/completions
[mock-req] POST /v1/chat/completions
[mock-req] POST /v1/chat/completions
[mock-req] POST /v1/chat/completions
[mock-req] POST /v1/chat/completions
[mock-req] POST /v1/chat/completions
[mock-req] POST /v1/chat/completions
[mock-req] POST /v1/chat/completions
[mock-req] POST /v1/chat/completions
[mock-req] POST /v1/chat/completions
[mock-req] POST /v1/chat/completions
[mock-req] POST /v1/chat/completions
[mock-req] POST /v1/chat/completions
[mock-req] POST /v1/chat/completions
[mock-req] POST /v1/chat/completions
[mock-req] POST /v1/chat/completions
[mock-req] POST /v1/chat/completions
[mock-req] POST /v1/chat/completions
[mock-req] POST /v1/chat/completions
[mock-req] POST /v1/chat/completions
[mock-req] POST /v1/chat/completions
[mock-req] POST /v1/chat/completions
[mock-req] POST /v1/chat/completions
[mock-req] POST /v1/chat/completions
[mock-req] POST /v1/chat/completions
[mock-req] POST /v1/chat/completions
[mock-req] POST /v1/chat/completions
[mock-req] POST /v1/chat/completions
[mock-req] POST /v1/chat/completions
long-stroke scenario failed: AssertionError [ERR_ASSERTION]: waitFact AssessmentCommitted not satisfied (need gte 3, got 2)
    at awaitFactBarrier (file:///Users/yuanxi/Workwork/vibe-fs/requirements/verification-system/tests/e2e/support/scenario-driver.mjs:301:10)
    at runNextTicks (node:internal/process/task_queues:64:5)
    at process.processTimers (node:internal/timers:518:9)
    at async runStep (file:///Users/yuanxi/Workwork/vibe-fs/requirements/verification-system/tests/e2e/support/scenario-driver.mjs:433:7)
    at async runFlow (file:///Users/yuanxi/Workwork/vibe-fs/requirements/verification-system/tests/e2e/support/scenario-driver.mjs:814:7)
    at async runCanary (file:///Users/yuanxi/Workwork/vibe-fs/requirements/verification-system/tests/e2e/support/scenario-driver.mjs:892:5)
    at async TestContext.<anonymous> (file:///Users/yuanxi/Workwork/vibe-fs/requirements/verification-system/tests/014.test.mjs:790:16)
    at async Test.run (node:internal/test_runner/test:1054:7)
    at async Test.processPendingSubtests (node:internal/test_runner/test:744:7)
[GIT-DIAG] workdir=/private/var/folders/g_/3ydzn7kx5lg9ylq8fd9p_13r0000gn/T/oc-e2e-t2sMbg/workspace
log:
* a94c12f candidate: fszd52
| * fe275c9 target: conflicting edit to proof file
|/  
* 3101082 init
branches:
* main
  manager/fszd52
worktrees:
/private/var/folders/g_/3ydzn7kx5lg9ylq8fd9p_13r0000gn/T/oc-e2e-t2sMbg/workspace               fe275c9 [main]
/private/var/folders/g_/3ydzn7kx5lg9ylq8fd9p_13r0000gn/T/oc-e2e-t2sMbg/tmp/wanxiangshu-fszd52  fe275c9 (detached HEAD)
# Subtest: WHAT[verification-system-014] Long Stroke 真实物理验收环境
not ok 14 - WHAT[verification-system-014] Long Stroke 真实物理验收环境
  ---
  duration_ms: 69556.801125
  type: 'test'
  location: '/Users/yuanxi/Workwork/vibe-fs/requirements/verification-system/tests/support/tier-gate.mjs:26:12'
  failureType: 'testCodeFailure'
  error: |-
    Long Stroke canary exited with code 1
    
    1 !== 0
    
  code: 'ERR_ASSERTION'
  name: 'AssertionError'
  expected: 0
  actual: 1
  operator: 'strictEqual'
  stack: |-
    TestContext.<anonymous> (file:///Users/yuanxi/Workwork/vibe-fs/requirements/verification-system/tests/014.test.mjs:798:10)
    process.processTicksAndRejections (node:internal/process/task_queues:103:5)
    async Test.run (node:internal/test_runner/test:1054:7)
    async Test.processPendingSubtests (node:internal/test_runner/test:744:7)
  ...
1..14
# tests 14
# suites 0
# pass 13
# fail 1
# cancelled 0
# skipped 0
# todo 0
# duration_ms 70147.138
