{
  "label": "package",
  "command": [
    "/private/tmp/node-v22.23.3-darwin-arm64/bin/node",
    "/Users/yuanxi/Workwork/vibe-fs/scripts/verify-package.mjs"
  ],
  "inputCommit": "8d3a7406ab7df9e13a4af8fca12c0799df5c2398",
  "currentCommit": "8d3a7406ab7df9e13a4af8fca12c0799df5c2398",
  "startedAt": "2026-10-08T07:09:50.194Z",
  "durationMs": 5489.145708,
  "timeoutMs": 600000,
  "digest": "f451e24962ad326297db748f5574ea12dc5a4a8d9cc34abf167834a586a34eb6",
  "afterDigest": "f451e24962ad326297db748f5574ea12dc5a4a8d9cc34abf167834a586a34eb6",
  "inputsEqual": true,
  "env": {
    "NODE_TEST_CONCURRENCY": "2",
    "UNIT_VERDICT_SILENCE_MS": "30000",
    "WXS_RELEASE": "0",
    "WXS_E2E_QUIET": "1"
  },
  "timedOut": false,
  "exitCode": 0,
  "signal": null,
  "monitorPid": 93476,
  "monitorObservation": "ESRCH",
  "cleanupFailure": null,
  "log": "/private/tmp/vibe-fs-oct8-alias-release/independent-package.log"
}
