{
  "label": "integration",
  "command": [
    "/private/tmp/node-v22.23.3-darwin-arm64/bin/node",
    "/Users/yuanxi/Workwork/vibe-fs/requirements/verification-system/tests/integration/run.mjs"
  ],
  "inputCommit": "8d3a7406ab7df9e13a4af8fca12c0799df5c2398",
  "currentCommit": "8d3a7406ab7df9e13a4af8fca12c0799df5c2398",
  "startedAt": "2026-10-08T06:44:39.126Z",
  "durationMs": 319662.971042,
  "timeoutMs": 1200000,
  "digest": "f451e24962ad326297db748f5574ea12dc5a4a8d9cc34abf167834a586a34eb6",
  "afterDigest": "f451e24962ad326297db748f5574ea12dc5a4a8d9cc34abf167834a586a34eb6",
  "inputsEqual": true,
  "env": {
    "NODE_TEST_CONCURRENCY": "2",
    "UNIT_VERDICT_SILENCE_MS": "30000",
    "WXS_RELEASE": "1",
    "WXS_E2E_QUIET": "1"
  },
  "timedOut": false,
  "exitCode": 1,
  "signal": null,
  "monitorPid": 84346,
  "monitorObservation": "ESRCH",
  "cleanupFailure": null,
  "log": "/private/tmp/vibe-fs-oct8-alias-release/independent-integration.log"
}
